0 verbose cli C:\Program Files\nodejs\node.exe C:\Program Files\nodejs\node_modules\npm\bin\npm-cli.js
1 info using npm@10.9.2
2 info using node@v22.15.0
3 silly config load:file:C:\Program Files\nodejs\node_modules\npm\npmrc
4 silly config load:file:Y:\Eternyx\.npmrc
5 silly config load:file:C:\Users\adity\.npmrc
6 silly config load:file:C:\Users\adity\AppData\Roaming\npm\etc\npmrc
7 verbose title npm install googleapis
8 verbose argv "install" "googleapis" "--cache" "./.npm-cache"
9 verbose logfile logs-max:10 dir:Y:\Eternyx\.npm-cache\_logs\2026-06-17T09_29_18_062Z-
10 verbose logfile Y:\Eternyx\.npm-cache\_logs\2026-06-17T09_29_18_062Z-debug-0.log
11 silly logfile done cleaning log files
12 silly packumentCache heap:2197815296 maxSize:549453824 maxEntrySize:274726912
13 silly idealTree buildDeps
14 silly fetch manifest googleapis@*
15 silly packumentCache full:https://registry.npmjs.org/googleapis cache-miss
16 http fetch GET 200 https://registry.npmjs.org/npm 669ms
17 http fetch GET 200 https://registry.npmjs.org/googleapis 364ms (cache miss)
18 silly packumentCache full:https://registry.npmjs.org/googleapis set size:undefined disposed:false
19 silly placeDep ROOT googleapis@173.0.0 OK for: eternyx@0.1.0 want: *
20 silly fetch manifest google-auth-library@^10.2.0
21 silly packumentCache full:https://registry.npmjs.org/google-auth-library cache-miss
22 silly fetch manifest googleapis-common@^8.0.0
23 silly packumentCache full:https://registry.npmjs.org/googleapis-common cache-miss
24 http fetch GET 200 https://registry.npmjs.org/google-auth-library 78ms (cache miss)
25 silly packumentCache full:https://registry.npmjs.org/google-auth-library set size:undefined disposed:false
26 http fetch GET 200 https://registry.npmjs.org/googleapis-common 318ms (cache miss)
27 silly packumentCache full:https://registry.npmjs.org/googleapis-common set size:undefined disposed:false
28 silly placeDep ROOT google-auth-library@10.7.0 OK for: googleapis@173.0.0 want: ^10.2.0
29 silly placeDep ROOT googleapis-common@8.0.2 OK for: googleapis@173.0.0 want: ^8.0.0
30 silly fetch manifest base64-js@^1.3.0
31 silly packumentCache full:https://registry.npmjs.org/base64-js cache-miss
32 silly fetch manifest ecdsa-sig-formatter@^1.0.11
33 silly packumentCache full:https://registry.npmjs.org/ecdsa-sig-formatter cache-miss
34 silly fetch manifest gaxios@^7.1.4
35 silly packumentCache full:https://registry.npmjs.org/gaxios cache-miss
36 http fetch GET 200 https://registry.npmjs.org/base64-js 52ms (cache miss)
37 silly packumentCache full:https://registry.npmjs.org/base64-js set size:undefined disposed:false
38 silly fetch manifest gcp-metadata@8.1.2
39 silly packumentCache full:https://registry.npmjs.org/gcp-metadata cache-miss
40 http fetch GET 200 https://registry.npmjs.org/ecdsa-sig-formatter 69ms (cache miss)
41 silly packumentCache full:https://registry.npmjs.org/ecdsa-sig-formatter set size:undefined disposed:false
42 silly fetch manifest google-logging-utils@1.1.3
43 silly packumentCache full:https://registry.npmjs.org/google-logging-utils cache-miss
44 http fetch GET 200 https://registry.npmjs.org/gcp-metadata 56ms (cache miss)
45 silly packumentCache full:https://registry.npmjs.org/gcp-metadata set size:undefined disposed:false
46 silly fetch manifest jws@^4.0.0
47 silly packumentCache full:https://registry.npmjs.org/jws cache-miss
48 http fetch GET 200 https://registry.npmjs.org/google-logging-utils 60ms (cache miss)
49 silly packumentCache full:https://registry.npmjs.org/google-logging-utils set size:undefined disposed:false
50 silly fetch manifest extend@^3.0.2
51 silly packumentCache full:https://registry.npmjs.org/extend cache-miss
52 http fetch GET 200 https://registry.npmjs.org/extend 72ms (cache miss)
53 silly packumentCache full:https://registry.npmjs.org/extend set size:undefined disposed:false
54 silly fetch manifest gaxios@7.1.3
55 silly packumentCache full:https://registry.npmjs.org/gaxios cache-miss
56 http fetch GET 200 https://registry.npmjs.org/gaxios 89ms (cache miss)
57 silly packumentCache full:https://registry.npmjs.org/gaxios set size:undefined disposed:false
58 silly fetch manifest google-auth-library@10.5.0
59 silly packumentCache full:https://registry.npmjs.org/google-auth-library cache-miss
60 http cache https://registry.npmjs.org/google-auth-library 13ms (cache hit)
61 silly packumentCache full:https://registry.npmjs.org/google-auth-library set size:727515 disposed:false
62 silly fetch manifest qs@^6.7.0
63 silly packumentCache full:https://registry.npmjs.org/qs cache-miss
64 http fetch GET 200 https://registry.npmjs.org/qs 81ms (cache miss)
65 silly packumentCache full:https://registry.npmjs.org/qs set size:undefined disposed:false
66 silly fetch manifest url-template@^2.0.8
67 silly packumentCache full:https://registry.npmjs.org/url-template cache-miss
68 http fetch GET 200 https://registry.npmjs.org/jws 310ms (cache miss)
69 silly packumentCache full:https://registry.npmjs.org/jws set size:undefined disposed:false
70 http fetch GET 200 https://registry.npmjs.org/url-template 90ms (cache miss)
71 silly packumentCache full:https://registry.npmjs.org/url-template set size:undefined disposed:false
72 http fetch GET 200 https://registry.npmjs.org/gaxios 568ms (cache miss)
73 silly packumentCache full:https://registry.npmjs.org/gaxios set size:undefined disposed:false
74 silly placeDep ROOT base64-js@1.5.1 OK for: google-auth-library@10.7.0 want: ^1.3.0
75 silly placeDep ROOT ecdsa-sig-formatter@1.0.11 OK for: google-auth-library@10.7.0 want: ^1.0.11
76 silly placeDep ROOT gaxios@7.1.5 OK for: google-auth-library@10.7.0 want: ^7.1.4
77 silly placeDep ROOT gcp-metadata@8.1.2 OK for: google-auth-library@10.7.0 want: 8.1.2
78 silly placeDep ROOT google-logging-utils@1.1.3 OK for: google-auth-library@10.7.0 want: 1.1.3
79 silly placeDep ROOT jws@4.0.1 OK for: google-auth-library@10.7.0 want: ^4.0.0
80 silly fetch manifest safe-buffer@^5.0.1
81 silly packumentCache full:https://registry.npmjs.org/safe-buffer cache-miss
82 silly fetch manifest https-proxy-agent@^7.0.1
83 silly packumentCache full:https://registry.npmjs.org/https-proxy-agent cache-miss
84 silly fetch manifest node-fetch@^3.3.2
85 silly packumentCache full:https://registry.npmjs.org/node-fetch cache-miss
86 http fetch GET 200 https://registry.npmjs.org/safe-buffer 51ms (cache miss)
87 silly packumentCache full:https://registry.npmjs.org/safe-buffer set size:undefined disposed:false
88 silly fetch manifest json-bigint@^1.0.0
89 silly packumentCache full:https://registry.npmjs.org/json-bigint cache-miss
90 http fetch GET 200 https://registry.npmjs.org/https-proxy-agent 64ms (cache miss)
91 silly packumentCache full:https://registry.npmjs.org/https-proxy-agent set size:undefined disposed:false
92 silly fetch manifest google-logging-utils@^1.0.0
93 silly packumentCache full:https://registry.npmjs.org/google-logging-utils cache-miss
94 http cache https://registry.npmjs.org/google-logging-utils 6ms (cache hit)
95 silly packumentCache full:https://registry.npmjs.org/google-logging-utils set size:23839 disposed:false
96 silly fetch manifest jwa@^2.0.1
97 silly packumentCache full:https://registry.npmjs.org/jwa cache-miss
98 http fetch GET 200 https://registry.npmjs.org/json-bigint 48ms (cache miss)
99 silly packumentCache full:https://registry.npmjs.org/json-bigint set size:undefined disposed:false
100 http fetch GET 200 https://registry.npmjs.org/node-fetch 235ms (cache miss)
101 silly packumentCache full:https://registry.npmjs.org/node-fetch set size:undefined disposed:false
102 http fetch GET 200 https://registry.npmjs.org/jwa 320ms (cache miss)
103 silly packumentCache full:https://registry.npmjs.org/jwa set size:undefined disposed:false
104 silly placeDep ROOT safe-buffer@5.2.1 OK for: ecdsa-sig-formatter@1.0.11 want: ^5.0.1
105 silly placeDep ROOT extend@3.0.2 OK for: gaxios@7.1.5 want: ^3.0.2
106 silly placeDep node_modules/gaxios https-proxy-agent@7.0.6 OK for: gaxios@7.1.5 want: ^7.0.1
107 silly placeDep ROOT node-fetch@3.3.2 OK for: gaxios@7.1.5 want: ^3.3.2
108 silly fetch manifest agent-base@^7.1.2
109 silly packumentCache full:https://registry.npmjs.org/agent-base cache-miss
110 silly fetch manifest data-uri-to-buffer@^4.0.0
111 silly packumentCache full:https://registry.npmjs.org/data-uri-to-buffer cache-miss
112 silly fetch manifest fetch-blob@^3.1.4
113 silly packumentCache full:https://registry.npmjs.org/fetch-blob cache-miss
114 http fetch GET 200 https://registry.npmjs.org/agent-base 55ms (cache miss)
115 silly packumentCache full:https://registry.npmjs.org/agent-base set size:undefined disposed:false
116 silly fetch manifest formdata-polyfill@^4.0.10
117 silly packumentCache full:https://registry.npmjs.org/formdata-polyfill cache-miss
118 http fetch GET 200 https://registry.npmjs.org/fetch-blob 61ms (cache miss)
119 silly packumentCache full:https://registry.npmjs.org/fetch-blob set size:undefined disposed:false
120 http fetch GET 200 https://registry.npmjs.org/data-uri-to-buffer 153ms (cache miss)
121 silly packumentCache full:https://registry.npmjs.org/data-uri-to-buffer set size:undefined disposed:false
122 http fetch GET 200 https://registry.npmjs.org/formdata-polyfill 348ms (cache miss)
123 silly packumentCache full:https://registry.npmjs.org/formdata-polyfill set size:undefined disposed:false
124 silly placeDep ROOT json-bigint@1.0.0 OK for: gcp-metadata@8.1.2 want: ^1.0.0
125 silly fetch manifest bignumber.js@^9.0.0
126 silly packumentCache full:https://registry.npmjs.org/bignumber.js cache-miss
127 http fetch GET 200 https://registry.npmjs.org/bignumber.js 68ms (cache miss)
128 silly packumentCache full:https://registry.npmjs.org/bignumber.js set size:undefined disposed:false
129 silly placeDep node_modules/googleapis-common gaxios@7.1.3 OK for: googleapis-common@8.0.2 want: 7.1.3
130 silly placeDep node_modules/googleapis-common google-auth-library@10.5.0 OK for: googleapis-common@8.0.2 want: 10.5.0
131 silly placeDep ROOT qs@6.15.2 OK for: googleapis-common@8.0.2 want: ^6.7.0
132 silly placeDep ROOT url-template@2.0.8 OK for: googleapis-common@8.0.2 want: ^2.0.8
133 silly fetch manifest rimraf@^5.0.1
134 silly packumentCache full:https://registry.npmjs.org/rimraf cache-miss
135 silly fetch manifest gtoken@^8.0.0
136 silly packumentCache full:https://registry.npmjs.org/gtoken cache-miss
137 http fetch GET 200 https://registry.npmjs.org/rimraf 173ms (cache miss)
138 silly packumentCache full:https://registry.npmjs.org/rimraf set size:undefined disposed:false
139 http fetch GET 200 https://registry.npmjs.org/gtoken 313ms (cache miss)
140 silly packumentCache full:https://registry.npmjs.org/gtoken set size:undefined disposed:false
141 silly placeDep ROOT bignumber.js@9.3.1 OK for: json-bigint@1.0.0 want: ^9.0.0
142 silly placeDep ROOT jwa@2.0.1 OK for: jws@4.0.1 want: ^2.0.1
143 silly fetch manifest buffer-equal-constant-time@^1.0.1
144 silly packumentCache full:https://registry.npmjs.org/buffer-equal-constant-time cache-miss
145 http fetch GET 200 https://registry.npmjs.org/buffer-equal-constant-time 347ms (cache miss)
146 silly packumentCache full:https://registry.npmjs.org/buffer-equal-constant-time set size:undefined disposed:false
147 silly placeDep ROOT buffer-equal-constant-time@1.0.1 OK for: jwa@2.0.1 want: ^1.0.1
148 silly placeDep ROOT data-uri-to-buffer@4.0.1 OK for: node-fetch@3.3.2 want: ^4.0.0
149 silly placeDep ROOT fetch-blob@3.2.0 OK for: node-fetch@3.3.2 want: ^3.1.4
150 silly placeDep ROOT formdata-polyfill@4.0.10 OK for: node-fetch@3.3.2 want: ^4.0.10
151 silly fetch manifest node-domexception@^1.0.0
152 silly packumentCache full:https://registry.npmjs.org/node-domexception cache-miss
153 silly fetch manifest web-streams-polyfill@^3.0.3
154 silly packumentCache full:https://registry.npmjs.org/web-streams-polyfill cache-miss
155 http fetch GET 200 https://registry.npmjs.org/web-streams-polyfill 141ms (cache miss)
156 silly packumentCache full:https://registry.npmjs.org/web-streams-polyfill set size:undefined disposed:false
157 http fetch GET 200 https://registry.npmjs.org/node-domexception 341ms (cache miss)
158 silly packumentCache full:https://registry.npmjs.org/node-domexception set size:undefined disposed:false
159 silly placeDep ROOT node-domexception@1.0.0 OK for: fetch-blob@3.2.0 want: ^1.0.0
160 silly placeDep ROOT web-streams-polyfill@3.3.3 OK for: fetch-blob@3.2.0 want: ^3.0.3
161 silly placeDep node_modules/gaxios agent-base@7.1.4 OK for: https-proxy-agent@7.0.6 want: ^7.1.2
162 silly placeDep node_modules/googleapis-common https-proxy-agent@7.0.6 OK for: gaxios@7.1.3 want: ^7.0.1
163 silly placeDep ROOT rimraf@5.0.10 OK for: gaxios@7.1.3 want: ^5.0.1
164 silly fetch manifest glob@^10.3.7
165 silly packumentCache full:https://registry.npmjs.org/glob cache-miss
166 http fetch GET 200 https://registry.npmjs.org/glob 167ms (cache miss)
167 silly packumentCache full:https://registry.npmjs.org/glob set size:undefined disposed:false
168 silly placeDep ROOT glob@10.5.0 OK for: rimraf@5.0.10 want: ^10.3.7
169 silly fetch manifest minipass@^7.1.2
170 silly packumentCache full:https://registry.npmjs.org/minipass cache-miss
171 silly fetch manifest jackspeak@^3.1.2
172 silly packumentCache full:https://registry.npmjs.org/jackspeak cache-miss
173 silly fetch manifest minimatch@^9.0.4
174 silly packumentCache full:https://registry.npmjs.org/minimatch cache-miss
175 http fetch GET 200 https://registry.npmjs.org/minimatch 201ms (cache miss)
176 silly packumentCache full:https://registry.npmjs.org/minimatch set size:undefined disposed:false
177 silly fetch manifest path-scurry@^1.11.1
178 silly packumentCache full:https://registry.npmjs.org/path-scurry cache-miss
179 http fetch GET 200 https://registry.npmjs.org/minipass 481ms (cache miss)
180 silly packumentCache full:https://registry.npmjs.org/minipass set size:undefined disposed:false
181 silly fetch manifest foreground-child@^3.1.0
182 silly packumentCache full:https://registry.npmjs.org/foreground-child cache-miss
183 http fetch GET 200 https://registry.npmjs.org/jackspeak 486ms (cache miss)
184 silly packumentCache full:https://registry.npmjs.org/jackspeak set size:undefined disposed:false
185 silly fetch manifest package-json-from-dist@^1.0.0
186 silly packumentCache full:https://registry.npmjs.org/package-json-from-dist cache-miss
187 http fetch GET 200 https://registry.npmjs.org/package-json-from-dist 87ms (cache miss)
188 silly packumentCache full:https://registry.npmjs.org/package-json-from-dist set size:undefined disposed:false
189 http fetch GET 200 https://registry.npmjs.org/foreground-child 102ms (cache miss)
190 silly packumentCache full:https://registry.npmjs.org/foreground-child set size:undefined disposed:false
191 http fetch GET 200 https://registry.npmjs.org/path-scurry 432ms (cache miss)
192 silly packumentCache full:https://registry.npmjs.org/path-scurry set size:undefined disposed:false
193 silly placeDep ROOT foreground-child@3.3.1 OK for: glob@10.5.0 want: ^3.1.0
194 silly placeDep ROOT jackspeak@3.4.3 OK for: glob@10.5.0 want: ^3.1.2
195 silly placeDep node_modules/glob minimatch@9.0.9 OK for: glob@10.5.0 want: ^9.0.4
196 silly placeDep ROOT minipass@7.1.3 OK for: glob@10.5.0 want: ^7.1.2
197 silly placeDep ROOT package-json-from-dist@1.0.1 OK for: glob@10.5.0 want: ^1.0.0
198 silly placeDep ROOT path-scurry@1.11.1 OK for: glob@10.5.0 want: ^1.11.1
199 silly fetch manifest signal-exit@^4.0.1
200 silly packumentCache full:https://registry.npmjs.org/signal-exit cache-miss
201 silly fetch manifest @isaacs/cliui@^8.0.2
202 silly packumentCache full:https://registry.npmjs.org/@isaacs%2fcliui cache-miss
203 silly fetch manifest @pkgjs/parseargs@^0.11.0
204 silly packumentCache full:https://registry.npmjs.org/@pkgjs%2fparseargs cache-miss
205 http fetch GET 200 https://registry.npmjs.org/signal-exit 136ms (cache miss)
206 silly packumentCache full:https://registry.npmjs.org/signal-exit set size:undefined disposed:false
207 silly fetch manifest brace-expansion@^2.0.2
208 silly packumentCache full:https://registry.npmjs.org/brace-expansion cache-miss
209 http fetch GET 200 https://registry.npmjs.org/brace-expansion 89ms (cache miss)
210 silly packumentCache full:https://registry.npmjs.org/brace-expansion set size:undefined disposed:false
211 silly fetch manifest lru-cache@^10.2.0
212 silly packumentCache full:https://registry.npmjs.org/lru-cache cache-miss
213 http fetch GET 200 https://registry.npmjs.org/lru-cache 86ms (cache miss)
214 silly packumentCache full:https://registry.npmjs.org/lru-cache set size:undefined disposed:false
215 http fetch GET 200 https://registry.npmjs.org/@isaacs%2fcliui 553ms (cache miss)
216 silly packumentCache full:https://registry.npmjs.org/@isaacs%2fcliui set size:undefined disposed:false
217 http fetch GET 200 https://registry.npmjs.org/@pkgjs%2fparseargs 791ms (cache miss)
218 silly packumentCache full:https://registry.npmjs.org/@pkgjs%2fparseargs set size:undefined disposed:false
219 silly placeDep ROOT signal-exit@4.1.0 OK for: foreground-child@3.3.1 want: ^4.0.1
220 silly placeDep ROOT @isaacs/cliui@8.0.2 OK for: jackspeak@3.4.3 want: ^8.0.2
221 silly placeDep ROOT @pkgjs/parseargs@0.11.0 OK for: jackspeak@3.4.3 want: ^0.11.0
222 silly fetch manifest wrap-ansi@^8.1.0
223 silly packumentCache full:https://registry.npmjs.org/wrap-ansi cache-miss
224 silly fetch manifest strip-ansi@^7.0.1
225 silly packumentCache full:https://registry.npmjs.org/strip-ansi cache-miss
226 silly fetch manifest string-width@^5.1.2
227 silly packumentCache full:https://registry.npmjs.org/string-width cache-miss
228 http fetch GET 200 https://registry.npmjs.org/strip-ansi 94ms (cache miss)
229 silly packumentCache full:https://registry.npmjs.org/strip-ansi set size:undefined disposed:false
230 silly fetch manifest wrap-ansi-cjs@npm:wrap-ansi@^7.0.0
231 silly packumentCache full:https://registry.npmjs.org/wrap-ansi cache-miss
232 http fetch GET 200 https://registry.npmjs.org/wrap-ansi 105ms (cache miss)
233 silly packumentCache full:https://registry.npmjs.org/wrap-ansi set size:undefined disposed:false
234 silly fetch manifest strip-ansi-cjs@npm:strip-ansi@^6.0.1
235 silly packumentCache full:https://registry.npmjs.org/strip-ansi cache-miss
236 http cache https://registry.npmjs.org/strip-ansi 37ms (cache hit)
237 silly packumentCache full:https://registry.npmjs.org/strip-ansi set size:44998 disposed:false
238 silly fetch manifest string-width-cjs@npm:string-width@^4.2.0
239 silly packumentCache full:https://registry.npmjs.org/string-width cache-miss
240 http fetch GET 200 https://registry.npmjs.org/string-width 147ms (cache miss)
241 silly packumentCache full:https://registry.npmjs.org/string-width set size:undefined disposed:false
242 http cache https://registry.npmjs.org/string-width 21ms (cache hit)
243 silly packumentCache full:https://registry.npmjs.org/string-width set size:70381 disposed:false
244 http fetch GET 200 https://registry.npmjs.org/wrap-ansi 78ms (cache miss)
245 silly packumentCache full:https://registry.npmjs.org/wrap-ansi set size:undefined disposed:false
246 silly placeDep ROOT string-width@5.1.2 OK for: @isaacs/cliui@8.0.2 want: ^5.1.2
247 silly placeDep ROOT string-width-cjs@4.2.3 OK for: @isaacs/cliui@8.0.2 want: npm:string-width@^4.2.0
248 silly placeDep ROOT strip-ansi@7.2.0 OK for: @isaacs/cliui@8.0.2 want: ^7.0.1
249 silly placeDep ROOT strip-ansi-cjs@6.0.1 OK for: @isaacs/cliui@8.0.2 want: npm:strip-ansi@^6.0.1
250 silly placeDep ROOT wrap-ansi@8.1.0 OK for: @isaacs/cliui@8.0.2 want: ^8.1.0
251 silly placeDep ROOT wrap-ansi-cjs@7.0.0 OK for: @isaacs/cliui@8.0.2 want: npm:wrap-ansi@^7.0.0
252 silly fetch manifest eastasianwidth@^0.2.0
253 silly packumentCache full:https://registry.npmjs.org/eastasianwidth cache-miss
254 silly fetch manifest strip-ansi@^6.0.1
255 silly packumentCache full:https://registry.npmjs.org/strip-ansi cache-hit
256 silly fetch manifest emoji-regex@^8.0.0
257 silly packumentCache full:https://registry.npmjs.org/emoji-regex cache-miss
258 silly fetch manifest is-fullwidth-code-point@^3.0.0
259 silly packumentCache full:https://registry.npmjs.org/is-fullwidth-code-point cache-miss
260 http fetch GET 200 https://registry.npmjs.org/is-fullwidth-code-point 95ms (cache miss)
261 silly packumentCache full:https://registry.npmjs.org/is-fullwidth-code-point set size:undefined disposed:false
262 silly fetch manifest ansi-regex@^6.2.2
263 silly packumentCache full:https://registry.npmjs.org/ansi-regex cache-miss
264 http fetch GET 200 https://registry.npmjs.org/emoji-regex 101ms (cache miss)
265 silly packumentCache full:https://registry.npmjs.org/emoji-regex set size:undefined disposed:false
266 silly fetch manifest ansi-regex@^5.0.1
267 silly packumentCache full:https://registry.npmjs.org/ansi-regex cache-miss
268 http fetch GET 200 https://registry.npmjs.org/ansi-regex 63ms (cache miss)
269 silly packumentCache full:https://registry.npmjs.org/ansi-regex set size:undefined disposed:false
270 silly fetch manifest ansi-styles@^6.1.0
271 silly packumentCache full:https://registry.npmjs.org/ansi-styles cache-miss
272 http fetch GET 200 https://registry.npmjs.org/ansi-regex 111ms (cache miss)
273 silly packumentCache full:https://registry.npmjs.org/ansi-regex set size:undefined disposed:false
274 silly fetch manifest strip-ansi@^6.0.0
275 silly packumentCache full:https://registry.npmjs.org/strip-ansi cache-hit
276 silly fetch manifest string-width@^4.1.0
277 silly packumentCache full:https://registry.npmjs.org/string-width cache-hit
278 http fetch GET 200 https://registry.npmjs.org/ansi-styles 93ms (cache miss)
279 silly packumentCache full:https://registry.npmjs.org/ansi-styles set size:undefined disposed:false
280 http fetch GET 200 https://registry.npmjs.org/eastasianwidth 347ms (cache miss)
281 silly packumentCache full:https://registry.npmjs.org/eastasianwidth set size:undefined disposed:false
282 silly placeDep node_modules/path-scurry lru-cache@10.4.3 OK for: path-scurry@1.11.1 want: ^10.2.0
283 silly placeDep ROOT eastasianwidth@0.2.0 OK for: string-width@5.1.2 want: ^0.2.0
284 silly placeDep node_modules/string-width-cjs emoji-regex@8.0.0 OK for: string-width@4.2.3 want: ^8.0.0
285 silly placeDep ROOT is-fullwidth-code-point@3.0.0 OK for: string-width@4.2.3 want: ^3.0.0
286 silly placeDep node_modules/string-width-cjs strip-ansi@6.0.1 OK for: string-width@4.2.3 want: ^6.0.1
287 silly placeDep ROOT ansi-regex@6.2.2 OK for: strip-ansi@7.2.0 want: ^6.2.2
288 silly placeDep node_modules/strip-ansi-cjs ansi-regex@5.0.1 OK for: strip-ansi@6.0.1 want: ^5.0.1
289 silly placeDep node_modules/wrap-ansi ansi-styles@6.2.3 OK for: wrap-ansi@8.1.0 want: ^6.1.0
290 silly placeDep node_modules/wrap-ansi-cjs string-width@4.2.3 OK for: wrap-ansi@7.0.0 want: ^4.1.0
291 silly placeDep node_modules/wrap-ansi-cjs strip-ansi@6.0.1 OK for: wrap-ansi@7.0.0 want: ^6.0.0
292 silly placeDep node_modules/glob brace-expansion@2.1.1 OK for: minimatch@9.0.9 want: ^2.0.2
293 silly placeDep ROOT gtoken@8.0.0 OK for: google-auth-library@10.5.0 want: ^8.0.0
294 silly placeDep node_modules/googleapis-common agent-base@7.1.4 OK for: https-proxy-agent@7.0.6 want: ^7.1.2
295 silly placeDep node_modules/string-width-cjs ansi-regex@5.0.1 OK for: strip-ansi@6.0.1 want: ^5.0.1
296 silly placeDep node_modules/wrap-ansi-cjs emoji-regex@8.0.0 OK for: string-width@4.2.3 want: ^8.0.0
297 silly placeDep node_modules/wrap-ansi-cjs ansi-regex@5.0.1 OK for: strip-ansi@6.0.1 want: ^5.0.1
298 silly reify moves {}
299 silly audit bulk request {
299 silly audit   '@babel/code-frame': [ '7.29.0' ],
299 silly audit   '@babel/compat-data': [ '7.29.3' ],
299 silly audit   '@babel/core': [ '7.29.0' ],
299 silly audit   '@babel/generator': [ '7.29.1' ],
299 silly audit   '@babel/helper-compilation-targets': [ '7.28.6' ],
299 silly audit   '@babel/helper-globals': [ '7.28.0' ],
299 silly audit   '@babel/helper-module-imports': [ '7.28.6' ],
299 silly audit   '@babel/helper-module-transforms': [ '7.28.6' ],
299 silly audit   '@babel/helper-string-parser': [ '7.27.1' ],
299 silly audit   '@babel/helper-validator-identifier': [ '7.28.5' ],
299 silly audit   '@babel/helper-validator-option': [ '7.27.1' ],
299 silly audit   '@babel/helpers': [ '7.29.2' ],
299 silly audit   '@babel/parser': [ '7.29.3' ],
299 silly audit   '@babel/runtime': [ '7.29.2' ],
299 silly audit   '@babel/template': [ '7.28.6' ],
299 silly audit   '@babel/traverse': [ '7.29.0' ],
299 silly audit   '@babel/types': [ '7.29.0' ],
299 silly audit   '@emnapi/core': [ '1.10.0' ],
299 silly audit   '@emnapi/runtime': [ '1.10.0' ],
299 silly audit   '@emnapi/wasi-threads': [ '1.2.1' ],
299 silly audit   '@eslint-community/eslint-utils': [ '4.9.1' ],
299 silly audit   'eslint-visitor-keys': [ '3.4.3', '5.0.1', '4.2.1' ],
299 silly audit   '@eslint-community/regexpp': [ '4.12.2' ],
299 silly audit   '@eslint/config-array': [ '0.21.2' ],
299 silly audit   '@eslint/config-helpers': [ '0.4.2' ],
299 silly audit   '@eslint/core': [ '0.17.0' ],
299 silly audit   '@eslint/eslintrc': [ '3.3.5' ],
299 silly audit   '@eslint/js': [ '9.39.4' ],
299 silly audit   '@eslint/object-schema': [ '2.1.7' ],
299 silly audit   '@eslint/plugin-kit': [ '0.4.1' ],
299 silly audit   '@floating-ui/core': [ '1.7.5' ],
299 silly audit   '@floating-ui/dom': [ '1.7.6' ],
299 silly audit   '@floating-ui/utils': [ '0.2.11' ],
299 silly audit   '@hello-pangea/dnd': [ '18.0.1' ],
299 silly audit   '@humanfs/core': [ '0.19.2' ],
299 silly audit   '@humanfs/node': [ '0.16.8' ],
299 silly audit   '@humanfs/types': [ '0.15.0' ],
299 silly audit   '@humanwhocodes/module-importer': [ '1.0.1' ],
299 silly audit   '@humanwhocodes/retry': [ '0.4.3' ],
299 silly audit   '@img/colour': [ '1.1.0' ],
299 silly audit   '@img/sharp-darwin-arm64': [ '0.34.5' ],
299 silly audit   '@img/sharp-darwin-x64': [ '0.34.5' ],
299 silly audit   '@img/sharp-libvips-darwin-arm64': [ '1.2.4' ],
299 silly audit   '@img/sharp-libvips-darwin-x64': [ '1.2.4' ],
299 silly audit   '@img/sharp-libvips-linux-arm': [ '1.2.4' ],
299 silly audit   '@img/sharp-libvips-linux-arm64': [ '1.2.4' ],
299 silly audit   '@img/sharp-libvips-linux-ppc64': [ '1.2.4' ],
299 silly audit   '@img/sharp-libvips-linux-riscv64': [ '1.2.4' ],
299 silly audit   '@img/sharp-libvips-linux-s390x': [ '1.2.4' ],
299 silly audit   '@img/sharp-libvips-linux-x64': [ '1.2.4' ],
299 silly audit   '@img/sharp-libvips-linuxmusl-arm64': [ '1.2.4' ],
299 silly audit   '@img/sharp-libvips-linuxmusl-x64': [ '1.2.4' ],
299 silly audit   '@img/sharp-linux-arm': [ '0.34.5' ],
299 silly audit   '@img/sharp-linux-arm64': [ '0.34.5' ],
299 silly audit   '@img/sharp-linux-ppc64': [ '0.34.5' ],
299 silly audit   '@img/sharp-linux-riscv64': [ '0.34.5' ],
299 silly audit   '@img/sharp-linux-s390x': [ '0.34.5' ],
299 silly audit   '@img/sharp-linux-x64': [ '0.34.5' ],
299 silly audit   '@img/sharp-linuxmusl-arm64': [ '0.34.5' ],
299 silly audit   '@img/sharp-linuxmusl-x64': [ '0.34.5' ],
299 silly audit   '@img/sharp-wasm32': [ '0.34.5' ],
299 silly audit   '@img/sharp-win32-arm64': [ '0.34.5' ],
299 silly audit   '@img/sharp-win32-ia32': [ '0.34.5' ],
299 silly audit   '@img/sharp-win32-x64': [ '0.34.5' ],
299 silly audit   '@jridgewell/gen-mapping': [ '0.3.13' ],
299 silly audit   '@jridgewell/remapping': [ '2.3.5' ],
299 silly audit   '@jridgewell/resolve-uri': [ '3.1.2' ],
299 silly audit   '@jridgewell/sourcemap-codec': [ '1.5.5' ],
299 silly audit   '@jridgewell/trace-mapping': [ '0.3.31' ],
299 silly audit   '@napi-rs/wasm-runtime': [ '0.2.12' ],
299 silly audit   '@next/env': [ '16.2.6' ],
299 silly audit   '@next/eslint-plugin-next': [ '16.2.6' ],
299 silly audit   '@next/swc-darwin-arm64': [ '16.2.6' ],
299 silly audit   '@next/swc-darwin-x64': [ '16.2.6' ],
299 silly audit   '@next/swc-linux-arm64-gnu': [ '16.2.6' ],
299 silly audit   '@next/swc-linux-arm64-musl': [ '16.2.6' ],
299 silly audit   '@next/swc-linux-x64-gnu': [ '16.2.6' ],
299 silly audit   '@next/swc-linux-x64-musl': [ '16.2.6' ],
299 silly audit   '@next/swc-win32-arm64-msvc': [ '16.2.6' ],
299 silly audit   '@next/swc-win32-x64-msvc': [ '16.2.6' ],
299 silly audit   '@nodelib/fs.scandir': [ '2.1.5' ],
299 silly audit   '@nodelib/fs.stat': [ '2.0.5' ],
299 silly audit   '@nodelib/fs.walk': [ '1.2.8' ],
299 silly audit   '@nolyfill/is-core-module': [ '1.0.39' ],
299 silly audit   '@reduxjs/toolkit': [ '2.12.0' ],
299 silly audit   immer: [ '11.1.8', '10.2.0' ],
299 silly audit   '@rtsao/scc': [ '1.1.0' ],
299 silly audit   '@standard-schema/spec': [ '1.1.0' ],
299 silly audit   '@standard-schema/utils': [ '0.3.0' ],
299 silly audit   '@swc/helpers': [ '0.5.15' ],
299 silly audit   '@tiptap/core': [ '3.23.5' ],
299 silly audit   '@tiptap/extension-blockquote': [ '3.23.5' ],
299 silly audit   '@tiptap/extension-bold': [ '3.23.5' ],
299 silly audit   '@tiptap/extension-bubble-menu': [ '3.23.5' ],
299 silly audit   '@tiptap/extension-bullet-list': [ '3.23.5' ],
299 silly audit   '@tiptap/extension-code': [ '3.23.5' ],
299 silly audit   '@tiptap/extension-code-block': [ '3.23.5' ],
299 silly audit   '@tiptap/extension-document': [ '3.23.5' ],
299 silly audit   '@tiptap/extension-dropcursor': [ '3.23.5' ],
299 silly audit   '@tiptap/extension-floating-menu': [ '3.23.5' ],
299 silly audit   '@tiptap/extension-gapcursor': [ '3.23.5' ],
299 silly audit   '@tiptap/extension-hard-break': [ '3.23.5' ],
299 silly audit   '@tiptap/extension-heading': [ '3.23.5' ],
299 silly audit   '@tiptap/extension-horizontal-rule': [ '3.23.5' ],
299 silly audit   '@tiptap/extension-italic': [ '3.23.5' ],
299 silly audit   '@tiptap/extension-link': [ '3.23.5' ],
299 silly audit   '@tiptap/extension-list': [ '3.23.5' ],
299 silly audit   '@tiptap/extension-list-item': [ '3.23.5' ],
299 silly audit   '@tiptap/extension-list-keymap': [ '3.23.5' ],
299 silly audit   '@tiptap/extension-ordered-list': [ '3.23.5' ],
299 silly audit   '@tiptap/extension-paragraph': [ '3.23.5' ],
299 silly audit   '@tiptap/extension-placeholder': [ '3.23.5' ],
299 silly audit   '@tiptap/extension-strike': [ '3.23.5' ],
299 silly audit   '@tiptap/extension-text': [ '3.23.5' ],
299 silly audit   '@tiptap/extension-underline': [ '3.23.5' ],
299 silly audit   '@tiptap/extensions': [ '3.23.5' ],
299 silly audit   '@tiptap/pm': [ '3.23.5' ],
299 silly audit   '@tiptap/react': [ '3.23.5' ],
299 silly audit   '@tiptap/starter-kit': [ '3.23.5' ],
299 silly audit   '@tybys/wasm-util': [ '0.10.2' ],
299 silly audit   '@types/d3-array': [ '3.2.2' ],
299 silly audit   '@types/d3-color': [ '3.1.3' ],
299 silly audit   '@types/d3-ease': [ '3.0.2' ],
299 silly audit   '@types/d3-interpolate': [ '3.0.4' ],
299 silly audit   '@types/d3-path': [ '3.1.1' ],
299 silly audit   '@types/d3-scale': [ '4.0.9' ],
299 silly audit   '@types/d3-shape': [ '3.1.8' ],
299 silly audit   '@types/d3-time': [ '3.0.4' ],
299 silly audit   '@types/d3-timer': [ '3.0.2' ],
299 silly audit   '@types/estree': [ '1.0.9' ],
299 silly audit   '@types/json-schema': [ '7.0.15' ],
299 silly audit   '@types/json5': [ '0.0.29' ],
299 silly audit   '@types/node': [ '20.19.41' ],
299 silly audit   '@types/react': [ '19.2.14' ],
299 silly audit   '@types/react-dom': [ '19.2.3' ],
299 silly audit   '@types/use-sync-external-store': [ '0.0.6' ],
299 silly audit   '@types/uuid': [ '10.0.0' ],
299 silly audit   '@typescript-eslint/eslint-plugin': [ '8.59.3' ],
299 silly audit   ignore: [ '7.0.5', '5.3.2' ],
299 silly audit   '@typescript-eslint/parser': [ '8.59.3' ],
299 silly audit   '@typescript-eslint/project-service': [ '8.59.3' ],
299 silly audit   '@typescript-eslint/scope-manager': [ '8.59.3' ],
299 silly audit   '@typescript-eslint/tsconfig-utils': [ '8.59.3' ],
299 silly audit   '@typescript-eslint/type-utils': [ '8.59.3' ],
299 silly audit   '@typescript-eslint/types': [ '8.59.3' ],
299 silly audit   '@typescript-eslint/typescript-estree': [ '8.59.3' ],
299 silly audit   'balanced-match': [ '4.0.4', '1.0.2' ],
299 silly audit   'brace-expansion': [ '5.0.6', '1.1.14', '2.1.1' ],
299 silly audit   minimatch: [ '10.2.5', '3.1.5', '9.0.9' ],
299 silly audit   semver: [ '7.8.0', '6.3.1' ],
299 silly audit   '@typescript-eslint/utils': [ '8.59.3' ],
299 silly audit   '@typescript-eslint/visitor-keys': [ '8.59.3' ],
299 silly audit   '@unrs/resolver-binding-android-arm-eabi': [ '1.11.1' ],
299 silly audit   '@unrs/resolver-binding-android-arm64': [ '1.11.1' ],
299 silly audit   '@unrs/resolver-binding-darwin-arm64': [ '1.11.1' ],
299 silly audit   '@unrs/resolver-binding-darwin-x64': [ '1.11.1' ],
299 silly audit   '@unrs/resolver-binding-freebsd-x64': [ '1.11.1' ],
299 silly audit   '@unrs/resolver-binding-linux-arm-gnueabihf': [ '1.11.1' ],
299 silly audit   '@unrs/resolver-binding-linux-arm-musleabihf': [ '1.11.1' ],
299 silly audit   '@unrs/resolver-binding-linux-arm64-gnu': [ '1.11.1' ],
299 silly audit   '@unrs/resolver-binding-linux-arm64-musl': [ '1.11.1' ],
299 silly audit   '@unrs/resolver-binding-linux-ppc64-gnu': [ '1.11.1' ],
299 silly audit   '@unrs/resolver-binding-linux-riscv64-gnu': [ '1.11.1' ],
299 silly audit   '@unrs/resolver-binding-linux-riscv64-musl': [ '1.11.1' ],
299 silly audit   '@unrs/resolver-binding-linux-s390x-gnu': [ '1.11.1' ],
299 silly audit   '@unrs/resolver-binding-linux-x64-gnu': [ '1.11.1' ],
299 silly audit   '@unrs/resolver-binding-linux-x64-musl': [ '1.11.1' ],
299 silly audit   '@unrs/resolver-binding-wasm32-wasi': [ '1.11.1' ],
299 silly audit   '@unrs/resolver-binding-win32-arm64-msvc': [ '1.11.1' ],
299 silly audit   '@unrs/resolver-binding-win32-ia32-msvc': [ '1.11.1' ],
299 silly audit   '@unrs/resolver-binding-win32-x64-msvc': [ '1.11.1' ],
299 silly audit   acorn: [ '8.16.0' ],
299 silly audit   'acorn-jsx': [ '5.3.2' ],
299 silly audit   'agent-base': [ '6.0.2', '7.1.4' ],
299 silly audit   ajv: [ '6.15.0' ],
299 silly audit   'ansi-styles': [ '4.3.0', '6.2.3' ],
299 silly audit   argparse: [ '2.0.1' ],
299 silly audit   'aria-query': [ '5.3.2' ],
299 silly audit   'array-buffer-byte-length': [ '1.0.2' ],
299 silly audit   'array-includes': [ '3.1.9' ],
299 silly audit   'array.prototype.findlast': [ '1.2.5' ],
299 silly audit   'array.prototype.findlastindex': [ '1.2.6' ],
299 silly audit   'array.prototype.flat': [ '1.3.3' ],
299 silly audit   'array.prototype.flatmap': [ '1.3.3' ],
299 silly audit   'array.prototype.tosorted': [ '1.1.4' ],
299 silly audit   'arraybuffer.prototype.slice': [ '1.0.4' ],
299 silly audit   'ast-types-flow': [ '0.0.8' ],
299 silly audit   'async-function': [ '1.0.0' ],
299 silly audit   asynckit: [ '0.4.0' ],
299 silly audit   'available-typed-arrays': [ '1.0.7' ],
299 silly audit   'aws-ssl-profiles': [ '1.1.2' ],
299 silly audit   'axe-core': [ '4.11.4' ],
299 silly audit   axios: [ '1.17.0' ],
299 silly audit   'axobject-query': [ '4.1.0' ],
299 silly audit   'baseline-browser-mapping': [ '2.10.29' ],
299 silly audit   braces: [ '3.0.3' ],
299 silly audit   browserslist: [ '4.28.2' ],
299 silly audit   'call-bind': [ '1.0.9' ],
299 silly audit   'call-bind-apply-helpers': [ '1.0.2' ],
299 silly audit   'call-bound': [ '1.0.4' ],
299 silly audit   callsites: [ '3.1.0' ],
299 silly audit   'caniuse-lite': [ '1.0.30001792' ],
299 silly audit   chalk: [ '4.1.2' ],
299 silly audit   'client-only': [ '0.0.1' ],
299 silly audit   clsx: [ '2.1.1' ],
299 silly audit   'color-convert': [ '2.0.1' ],
299 silly audit   'color-name': [ '1.1.4' ],
299 silly audit   'combined-stream': [ '1.0.8' ],
299 silly audit   'concat-map': [ '0.0.1' ],
299 silly audit   'convert-source-map': [ '2.0.0' ],
299 silly audit   cookie: [ '0.7.2' ],
299 silly audit   'cross-spawn': [ '7.0.6' ],
299 silly audit   'css-box-model': [ '1.2.1' ],
299 silly audit   csstype: [ '3.2.3' ],
299 silly audit   'd3-array': [ '3.2.4' ],
299 silly audit   'd3-color': [ '3.1.0' ],
299 silly audit   'd3-ease': [ '3.0.1' ],
299 silly audit   'd3-format': [ '3.1.2' ],
299 silly audit   'd3-interpolate': [ '3.0.1' ],
299 silly audit   'd3-path': [ '3.1.0' ],
299 silly audit   'd3-scale': [ '4.0.2' ],
299 silly audit   'd3-shape': [ '3.2.0' ],
299 silly audit   'd3-time': [ '3.1.0' ],
299 silly audit   'd3-time-format': [ '4.1.0' ],
299 silly audit   'd3-timer': [ '3.0.1' ],
299 silly audit   'damerau-levenshtein': [ '1.0.8' ],
299 silly audit   'data-view-buffer': [ '1.0.2' ],
299 silly audit   'data-view-byte-length': [ '1.0.2' ],
299 silly audit   'data-view-byte-offset': [ '1.0.1' ],
299 silly audit   debug: [ '4.4.3', '3.2.7' ],
299 silly audit   'decimal.js-light': [ '2.5.1' ],
299 silly audit   'deep-is': [ '0.1.4' ],
299 silly audit   'define-data-property': [ '1.1.4' ],
299 silly audit   'define-properties': [ '1.2.1' ],
299 silly audit   'delayed-stream': [ '1.0.0' ],
299 silly audit   denque: [ '2.1.0' ],
299 silly audit   'detect-libc': [ '2.1.2' ],
299 silly audit   doctrine: [ '2.1.0' ],
299 silly audit   dotenv: [ '17.4.2' ],
299 silly audit   'dunder-proto': [ '1.0.1' ],
299 silly audit   'electron-to-chromium': [ '1.5.356' ],
299 silly audit   'emoji-regex': [ '9.2.2', '8.0.0' ],
299 silly audit   'es-abstract': [ '1.24.2' ],
299 silly audit   'es-define-property': [ '1.0.1' ],
299 silly audit   'es-errors': [ '1.3.0' ],
299 silly audit   'es-iterator-helpers': [ '1.3.2' ],
299 silly audit   'es-object-atoms': [ '1.1.1' ],
299 silly audit   'es-set-tostringtag': [ '2.1.0' ],
299 silly audit   'es-shim-unscopables': [ '1.1.0' ],
299 silly audit   'es-to-primitive': [ '1.3.0' ],
299 silly audit   'es-toolkit': [ '1.46.1' ],
299 silly audit   escalade: [ '3.2.0' ],
299 silly audit   'escape-string-regexp': [ '4.0.0' ],
299 silly audit   eslint: [ '9.39.4' ],
299 silly audit   'eslint-config-next': [ '16.2.6' ],
299 silly audit   globals: [ '16.4.0', '14.0.0' ],
299 silly audit   'eslint-import-resolver-node': [ '0.3.10' ],
299 silly audit   'eslint-import-resolver-typescript': [ '3.10.1' ],
299 silly audit   'eslint-module-utils': [ '2.12.1' ],
299 silly audit   'eslint-plugin-import': [ '2.32.0' ],
299 silly audit   'eslint-plugin-jsx-a11y': [ '6.10.2' ],
299 silly audit   'eslint-plugin-react': [ '7.37.5' ],
299 silly audit   'eslint-plugin-react-hooks': [ '7.1.1' ],
299 silly audit   'eslint-scope': [ '8.4.0' ],
299 silly audit   espree: [ '10.4.0' ],
299 silly audit   esquery: [ '1.7.0' ],
299 silly audit   esrecurse: [ '4.3.0' ],
299 silly audit   estraverse: [ '5.3.0' ],
299 silly audit   esutils: [ '2.0.3' ],
299 silly audit   eventemitter3: [ '5.0.4' ],
299 silly audit   'fast-deep-equal': [ '3.1.3' ],
299 silly audit   'fast-equals': [ '5.4.0' ],
299 silly audit   'fast-glob': [ '3.3.1' ],
299 silly audit   'glob-parent': [ '5.1.2', '6.0.2' ],
299 silly audit   'fast-json-stable-stringify': [ '2.1.0' ],
299 silly audit   'fast-levenshtein': [ '2.0.6' ],
299 silly audit   fastq: [ '1.20.1' ],
299 silly audit   'file-entry-cache': [ '8.0.0' ],
299 silly audit   'fill-range': [ '7.1.1' ],
299 silly audit   'find-up': [ '5.0.0' ],
299 silly audit   'flat-cache': [ '4.0.1' ],
299 silly audit   flatted: [ '3.4.2' ],
299 silly audit   'follow-redirects': [ '1.16.0' ],
299 silly audit   'for-each': [ '0.3.5' ],
299 silly audit   'form-data': [ '4.0.6' ],
299 silly audit   'function-bind': [ '1.1.2' ],
299 silly audit   'function.prototype.name': [ '1.1.8' ],
299 silly audit   'functions-have-names': [ '1.2.3' ],
299 silly audit   'generate-function': [ '2.3.1' ],
299 silly audit   'generator-function': [ '2.0.1' ],
299 silly audit   gensync: [ '1.0.0-beta.2' ],
299 silly audit   'get-intrinsic': [ '1.3.0' ],
299 silly audit   'get-proto': [ '1.0.1' ],
299 silly audit   'get-symbol-description': [ '1.1.0' ],
299 silly audit   'get-tsconfig': [ '4.14.0' ],
299 silly audit   globalthis: [ '1.0.4' ],
299 silly audit   gopd: [ '1.2.0' ],
299 silly audit   gsap: [ '3.12.2' ],
299 silly audit   'has-bigints': [ '1.1.0' ],
299 silly audit   'has-flag': [ '4.0.0' ],
299 silly audit   'has-property-descriptors': [ '1.0.2' ],
299 silly audit   'has-proto': [ '1.2.0' ],
299 silly audit   'has-symbols': [ '1.1.0' ],
299 silly audit   'has-tostringtag': [ '1.0.2' ],
299 silly audit   hasown: [ '2.0.4' ],
299 silly audit   'hermes-estree': [ '0.25.1' ],
299 silly audit   'hermes-parser': [ '0.25.1' ],
299 silly audit   'https-proxy-agent': [ '5.0.1', '7.0.6' ],
299 silly audit   'iconv-lite': [ '0.7.2' ],
299 silly audit   'import-fresh': [ '3.3.1' ],
299 silly audit   imurmurhash: [ '0.1.4' ],
299 silly audit   'internal-slot': [ '1.1.0' ],
299 silly audit   internmap: [ '2.0.3' ],
299 silly audit   'iron-session': [ '8.0.4' ],
299 silly audit   'iron-webcrypto': [ '1.2.1' ],
299 silly audit   'is-array-buffer': [ '3.0.5' ],
299 silly audit   'is-async-function': [ '2.1.1' ],
299 silly audit   'is-bigint': [ '1.1.0' ],
299 silly audit   'is-boolean-object': [ '1.2.2' ],
299 silly audit   'is-bun-module': [ '2.0.0' ],
299 silly audit   'is-callable': [ '1.2.7' ],
299 silly audit   'is-core-module': [ '2.16.2' ],
299 silly audit   'is-data-view': [ '1.0.2' ],
299 silly audit   'is-date-object': [ '1.1.0' ],
299 silly audit   'is-extglob': [ '2.1.1' ],
299 silly audit   'is-finalizationregistry': [ '1.1.1' ],
299 silly audit   'is-generator-function': [ '1.1.2' ],
299 silly audit   'is-glob': [ '4.0.3' ],
299 silly audit   'is-map': [ '2.0.3' ],
299 silly audit   'is-negative-zero': [ '2.0.3' ],
299 silly audit   'is-number': [ '7.0.0' ],
299 silly audit   'is-number-object': [ '1.1.1' ],
299 silly audit   'is-property': [ '1.0.2' ],
299 silly audit   'is-regex': [ '1.2.1' ],
299 silly audit   'is-set': [ '2.0.3' ],
299 silly audit   'is-shared-array-buffer': [ '1.0.4' ],
299 silly audit   'is-string': [ '1.1.1' ],
299 silly audit   'is-symbol': [ '1.1.1' ],
299 silly audit   'is-typed-array': [ '1.1.15' ],
299 silly audit   'is-weakmap': [ '2.0.2' ],
299 silly audit   'is-weakref': [ '1.1.1' ],
299 silly audit   'is-weakset': [ '2.0.4' ],
299 silly audit   isarray: [ '2.0.5' ],
299 silly audit   isexe: [ '2.0.0' ],
299 silly audit   'iterator.prototype': [ '1.1.5' ],
299 silly audit   'js-tokens': [ '4.0.0' ],
299 silly audit   'js-yaml': [ '4.1.1' ],
299 silly audit   jsesc: [ '3.1.0' ],
299 silly audit   'json-buffer': [ '3.0.1' ],
299 silly audit   'json-schema-traverse': [ '0.4.1' ],
299 silly audit   'json-stable-stringify-without-jsonify': [ '1.0.1' ],
299 silly audit   json5: [ '2.2.3', '1.0.2' ],
299 silly audit   'jsx-ast-utils': [ '3.3.5' ],
299 silly audit   keyv: [ '4.5.4' ],
299 silly audit   'language-subtag-registry': [ '0.3.23' ],
299 silly audit   'language-tags': [ '1.0.9' ],
299 silly audit   lenis: [ '1.3.23' ],
299 silly audit   levn: [ '0.4.1' ],
299 silly audit   linkifyjs: [ '4.3.3' ],
299 silly audit   'locate-path': [ '6.0.0' ],
299 silly audit   'lodash.merge': [ '4.6.2' ],
299 silly audit   long: [ '5.3.2' ],
299 silly audit   'loose-envify': [ '1.4.0' ],
299 silly audit   'lru-cache': [ '5.1.1', '10.4.3' ],
299 silly audit   'lru.min': [ '1.1.4' ],
299 silly audit   'math-intrinsics': [ '1.1.0' ],
299 silly audit   merge2: [ '1.4.1' ],
299 silly audit   micromatch: [ '4.0.8' ],
299 silly audit   'mime-db': [ '1.52.0' ],
299 silly audit   'mime-types': [ '2.1.35' ],
299 silly audit   minimist: [ '1.2.8' ],
299 silly audit   ms: [ '2.1.3' ],
299 silly audit   mysql2: [ '3.22.3' ],
299 silly audit   'named-placeholders': [ '1.1.6' ],
299 silly audit   nanoid: [ '3.3.12' ],
299 silly audit   'napi-postinstall': [ '0.3.4' ],
299 silly audit   'natural-compare': [ '1.4.0' ],
299 silly audit   next: [ '16.2.6' ],
299 silly audit   'node-exports-info': [ '1.6.0' ],
299 silly audit   'node-releases': [ '2.0.44' ],
299 silly audit   'object-assign': [ '4.1.1' ],
299 silly audit   'object-inspect': [ '1.13.4' ],
299 silly audit   'object-keys': [ '1.1.1' ],
299 silly audit   'object.assign': [ '4.1.7' ],
299 silly audit   'object.entries': [ '1.1.9' ],
299 silly audit   'object.fromentries': [ '2.0.8' ],
299 silly audit   'object.groupby': [ '1.0.3' ],
299 silly audit   'object.values': [ '1.2.1' ],
299 silly audit   optionator: [ '0.9.4' ],
299 silly audit   orderedmap: [ '2.1.1' ],
299 silly audit   'own-keys': [ '1.0.1' ],
299 silly audit   'p-limit': [ '3.1.0' ],
299 silly audit   'p-locate': [ '5.0.0' ],
299 silly audit   'parent-module': [ '1.0.1' ],
299 silly audit   'path-exists': [ '4.0.0' ],
299 silly audit   'path-key': [ '3.1.1' ],
299 silly audit   'path-parse': [ '1.0.7' ],
299 silly audit   picocolors: [ '1.1.1' ],
299 silly audit   picomatch: [ '2.3.2', '4.0.4' ],
299 silly audit   'possible-typed-array-names': [ '1.1.0' ],
299 silly audit   postcss: [ '8.4.31' ],
299 silly audit   'prelude-ls': [ '1.2.1' ],
299 silly audit   'prop-types': [ '15.8.1' ],
299 silly audit   'prosemirror-changeset': [ '2.4.1' ],
299 silly audit   'prosemirror-commands': [ '1.7.1' ],
299 silly audit   'prosemirror-dropcursor': [ '1.8.2' ],
299 silly audit   'prosemirror-gapcursor': [ '1.4.1' ],
299 silly audit   'prosemirror-history': [ '1.5.0' ],
299 silly audit   'prosemirror-keymap': [ '1.2.3' ],
299 silly audit   'prosemirror-model': [ '1.25.7' ],
299 silly audit   'prosemirror-schema-list': [ '1.5.1' ],
299 silly audit   'prosemirror-state': [ '1.4.4' ],
299 silly audit   'prosemirror-tables': [ '1.8.5' ],
299 silly audit   'prosemirror-transform': [ '1.12.0' ],
299 silly audit   'prosemirror-view': [ '1.41.8' ],
299 silly audit   'proxy-from-env': [ '2.1.0' ],
299 silly audit   punycode: [ '2.3.1' ],
299 silly audit   'queue-microtask': [ '1.2.3' ],
299 silly audit   'raf-schd': [ '4.0.3' ],
299 silly audit   razorpay: [ '2.9.6' ],
299 silly audit   react: [ '19.2.4' ],
299 silly audit   'react-dom': [ '19.2.4' ],
299 silly audit   'react-is': [ '16.13.1' ],
299 silly audit   'react-redux': [ '9.3.0' ],
299 silly audit   recharts: [ '3.8.1' ],
299 silly audit   redux: [ '5.0.1' ],
299 silly audit   'redux-thunk': [ '3.1.0' ],
299 silly audit   'reflect.getprototypeof': [ '1.0.10' ],
299 silly audit   'regexp.prototype.flags': [ '1.5.4' ],
299 silly audit   reselect: [ '5.1.1' ],
299 silly audit   resolve: [ '2.0.0-next.7' ],
299 silly audit   'resolve-from': [ '4.0.0' ],
299 silly audit   'resolve-pkg-maps': [ '1.0.0' ],
299 silly audit   reusify: [ '1.1.0' ],
299 silly audit   'rope-sequence': [ '1.3.4' ],
299 silly audit   'run-parallel': [ '1.2.0' ],
299 silly audit   'safe-array-concat': [ '1.1.4' ],
299 silly audit   'safe-push-apply': [ '1.0.0' ],
299 silly audit   'safe-regex-test': [ '1.1.0' ],
299 silly audit   'safer-buffer': [ '2.1.2' ],
299 silly audit   scheduler: [ '0.27.0' ],
299 silly audit   'set-function-length': [ '1.2.2' ],
299 silly audit   'set-function-name': [ '2.0.2' ],
299 silly audit   'set-proto': [ '1.0.0' ],
299 silly audit   sharp: [ '0.34.5' ],
299 silly audit   'shebang-command': [ '2.0.0' ],
299 silly audit   'shebang-regex': [ '3.0.0' ],
299 silly audit   'side-channel': [ '1.1.0' ],
299 silly audit   'side-channel-list': [ '1.0.1' ],
299 silly audit   'side-channel-map': [ '1.0.1' ],
299 silly audit   'side-channel-weakmap': [ '1.0.2' ],
299 silly audit   'source-map-js': [ '1.2.1' ],
299 silly audit   'sql-escaper': [ '1.3.3' ],
299 silly audit   'stable-hash': [ '0.0.5' ],
299 silly audit   'stop-iteration-iterator': [ '1.1.0' ],
299 silly audit   'string.prototype.includes': [ '2.0.1' ],
299 silly audit   'string.prototype.matchall': [ '4.0.12' ],
299 silly audit   'string.prototype.repeat': [ '1.0.0' ],
299 silly audit   'string.prototype.trim': [ '1.2.10' ],
299 silly audit   'string.prototype.trimend': [ '1.0.9' ],
299 silly audit   'string.prototype.trimstart': [ '1.0.8' ],
299 silly audit   'strip-bom': [ '3.0.0' ],
299 silly audit   'strip-json-comments': [ '3.1.1' ],
299 silly audit   'styled-jsx': [ '5.1.6' ],
299 silly audit   'supports-color': [ '7.2.0' ],
299 silly audit   'supports-preserve-symlinks-flag': [ '1.0.0' ],
299 silly audit   'tiny-invariant': [ '1.3.3' ],
299 silly audit   tinyglobby: [ '0.2.16' ],
299 silly audit   fdir: [ '6.5.0' ],
299 silly audit   'to-regex-range': [ '5.0.1' ],
299 silly audit   'ts-api-utils': [ '2.5.0' ],
299 silly audit   'tsconfig-paths': [ '3.15.0' ],
299 silly audit   tslib: [ '2.8.1' ],
299 silly audit   'type-check': [ '0.4.0' ],
299 silly audit   'typed-array-buffer': [ '1.0.3' ],
299 silly audit   'typed-array-byte-length': [ '1.0.3' ],
299 silly audit   'typed-array-byte-offset': [ '1.0.4' ],
299 silly audit   'typed-array-length': [ '1.0.7' ],
299 silly audit   typescript: [ '5.9.3' ],
299 silly audit   'typescript-eslint': [ '8.59.3' ],
299 silly audit   'unbox-primitive': [ '1.1.0' ],
299 silly audit   uncrypto: [ '0.1.3' ],
299 silly audit   'undici-types': [ '6.21.0' ],
299 silly audit   'unrs-resolver': [ '1.11.1' ],
299 silly audit   'update-browserslist-db': [ '1.2.3' ],
299 silly audit   'uri-js': [ '4.4.1' ],
299 silly audit   'use-sync-external-store': [ '1.6.0' ],
299 silly audit   uuid: [ '14.0.0' ],
299 silly audit   'victory-vendor': [ '37.3.6' ],
299 silly audit   'w3c-keyname': [ '2.2.8' ],
299 silly audit   which: [ '2.0.2' ],
299 silly audit   'which-boxed-primitive': [ '1.1.1' ],
299 silly audit   'which-builtin-type': [ '1.2.1' ],
299 silly audit   'which-collection': [ '1.0.2' ],
299 silly audit   'which-typed-array': [ '1.1.20' ],
299 silly audit   'word-wrap': [ '1.2.5' ],
299 silly audit   yallist: [ '3.1.1' ],
299 silly audit   'yocto-queue': [ '0.1.0' ],
299 silly audit   zod: [ '4.4.3' ],
299 silly audit   'zod-validation-error': [ '4.0.2' ],
299 silly audit   googleapis: [ '173.0.0' ],
299 silly audit   'google-auth-library': [ '10.7.0', '10.5.0' ],
299 silly audit   'googleapis-common': [ '8.0.2' ],
299 silly audit   'base64-js': [ '1.5.1' ],
299 silly audit   'ecdsa-sig-formatter': [ '1.0.11' ],
299 silly audit   gaxios: [ '7.1.5', '7.1.3' ],
299 silly audit   'gcp-metadata': [ '8.1.2' ],
299 silly audit   'google-logging-utils': [ '1.1.3' ],
299 silly audit   jws: [ '4.0.1' ],
299 silly audit   'safe-buffer': [ '5.2.1' ],
299 silly audit   extend: [ '3.0.2' ],
299 silly audit   'node-fetch': [ '3.3.2' ],
299 silly audit   'json-bigint': [ '1.0.0' ],
299 silly audit   qs: [ '6.15.2' ],
299 silly audit   'url-template': [ '2.0.8' ],
299 silly audit   'bignumber.js': [ '9.3.1' ],
299 silly audit   jwa: [ '2.0.1' ],
299 silly audit   'buffer-equal-constant-time': [ '1.0.1' ],
299 silly audit   'data-uri-to-buffer': [ '4.0.1' ],
299 silly audit   'fetch-blob': [ '3.2.0' ],
299 silly audit   'formdata-polyfill': [ '4.0.10' ],
299 silly audit   'node-domexception': [ '1.0.0' ],
299 silly audit   'web-streams-polyfill': [ '3.3.3' ],
299 silly audit   rimraf: [ '5.0.10' ],
299 silly audit   glob: [ '10.5.0' ],
299 silly audit   'foreground-child': [ '3.3.1' ],
299 silly audit   jackspeak: [ '3.4.3' ],
299 silly audit   minipass: [ '7.1.3' ],
299 silly audit   'package-json-from-dist': [ '1.0.1' ],
299 silly audit   'path-scurry': [ '1.11.1' ],
299 silly audit   'signal-exit': [ '4.1.0' ],
299 silly audit   '@isaacs/cliui': [ '8.0.2' ],
299 silly audit   '@pkgjs/parseargs': [ '0.11.0' ],
299 silly audit   'string-width': [ '5.1.2', '4.2.3' ],
299 silly audit   'strip-ansi': [ '7.2.0', '6.0.1' ],
299 silly audit   'wrap-ansi': [ '8.1.0', '7.0.0' ],
299 silly audit   eastasianwidth: [ '0.2.0' ],
299 silly audit   'is-fullwidth-code-point': [ '3.0.0' ],
299 silly audit   'ansi-regex': [ '6.2.2', '5.0.1' ],
299 silly audit   gtoken: [ '8.0.0' ]
299 silly audit }
300 verbose reify failed optional dependency Y:\Eternyx\node_modules\@unrs\resolver-binding-win32-ia32-msvc
301 silly reify mark deleted [
301 silly reify   'Y:\\Eternyx\\node_modules\\@unrs\\resolver-binding-win32-ia32-msvc'
301 silly reify ]
302 verbose reify failed optional dependency Y:\Eternyx\node_modules\@unrs\resolver-binding-win32-arm64-msvc
303 silly reify mark deleted [
303 silly reify   'Y:\\Eternyx\\node_modules\\@unrs\\resolver-binding-win32-arm64-msvc'
303 silly reify ]
304 verbose reify failed optional dependency Y:\Eternyx\node_modules\@unrs\resolver-binding-wasm32-wasi
305 silly reify mark deleted [ 'Y:\\Eternyx\\node_modules\\@unrs\\resolver-binding-wasm32-wasi' ]
306 verbose reify failed optional dependency Y:\Eternyx\node_modules\@napi-rs\wasm-runtime
307 silly reify mark deleted [ 'Y:\\Eternyx\\node_modules\\@napi-rs\\wasm-runtime' ]
308 verbose reify failed optional dependency Y:\Eternyx\node_modules\@emnapi\core
309 silly reify mark deleted [ 'Y:\\Eternyx\\node_modules\\@emnapi\\core' ]
310 verbose reify failed optional dependency Y:\Eternyx\node_modules\@tybys\wasm-util
311 silly reify mark deleted [ 'Y:\\Eternyx\\node_modules\\@tybys\\wasm-util' ]
312 verbose reify failed optional dependency Y:\Eternyx\node_modules\@emnapi\wasi-threads
313 silly reify mark deleted [ 'Y:\\Eternyx\\node_modules\\@emnapi\\wasi-threads' ]
314 verbose reify failed optional dependency Y:\Eternyx\node_modules\@unrs\resolver-binding-linux-x64-musl
315 silly reify mark deleted [ 'Y:\\Eternyx\\node_modules\\@unrs\\resolver-binding-linux-x64-musl' ]
316 verbose reify failed optional dependency Y:\Eternyx\node_modules\@unrs\resolver-binding-linux-x64-gnu
317 silly reify mark deleted [ 'Y:\\Eternyx\\node_modules\\@unrs\\resolver-binding-linux-x64-gnu' ]
318 verbose reify failed optional dependency Y:\Eternyx\node_modules\@unrs\resolver-binding-linux-s390x-gnu
319 silly reify mark deleted [
319 silly reify   'Y:\\Eternyx\\node_modules\\@unrs\\resolver-binding-linux-s390x-gnu'
319 silly reify ]
320 verbose reify failed optional dependency Y:\Eternyx\node_modules\@unrs\resolver-binding-linux-riscv64-musl
321 silly reify mark deleted [
321 silly reify   'Y:\\Eternyx\\node_modules\\@unrs\\resolver-binding-linux-riscv64-musl'
321 silly reify ]
322 verbose reify failed optional dependency Y:\Eternyx\node_modules\@unrs\resolver-binding-linux-riscv64-gnu
323 silly reify mark deleted [
323 silly reify   'Y:\\Eternyx\\node_modules\\@unrs\\resolver-binding-linux-riscv64-gnu'
323 silly reify ]
324 verbose reify failed optional dependency Y:\Eternyx\node_modules\@unrs\resolver-binding-linux-ppc64-gnu
325 silly reify mark deleted [
325 silly reify   'Y:\\Eternyx\\node_modules\\@unrs\\resolver-binding-linux-ppc64-gnu'
325 silly reify ]
326 verbose reify failed optional dependency Y:\Eternyx\node_modules\@unrs\resolver-binding-linux-arm64-musl
327 silly reify mark deleted [
327 silly reify   'Y:\\Eternyx\\node_modules\\@unrs\\resolver-binding-linux-arm64-musl'
327 silly reify ]
328 verbose reify failed optional dependency Y:\Eternyx\node_modules\@unrs\resolver-binding-linux-arm64-gnu
329 silly reify mark deleted [
329 silly reify   'Y:\\Eternyx\\node_modules\\@unrs\\resolver-binding-linux-arm64-gnu'
329 silly reify ]
330 verbose reify failed optional dependency Y:\Eternyx\node_modules\@unrs\resolver-binding-linux-arm-musleabihf
331 silly reify mark deleted [
331 silly reify   'Y:\\Eternyx\\node_modules\\@unrs\\resolver-binding-linux-arm-musleabihf'
331 silly reify ]
332 verbose reify failed optional dependency Y:\Eternyx\node_modules\@unrs\resolver-binding-linux-arm-gnueabihf
333 silly reify mark deleted [
333 silly reify   'Y:\\Eternyx\\node_modules\\@unrs\\resolver-binding-linux-arm-gnueabihf'
333 silly reify ]
334 verbose reify failed optional dependency Y:\Eternyx\node_modules\@unrs\resolver-binding-freebsd-x64
335 silly reify mark deleted [ 'Y:\\Eternyx\\node_modules\\@unrs\\resolver-binding-freebsd-x64' ]
336 verbose reify failed optional dependency Y:\Eternyx\node_modules\@unrs\resolver-binding-darwin-x64
337 silly reify mark deleted [ 'Y:\\Eternyx\\node_modules\\@unrs\\resolver-binding-darwin-x64' ]
338 verbose reify failed optional dependency Y:\Eternyx\node_modules\@unrs\resolver-binding-darwin-arm64
339 silly reify mark deleted [ 'Y:\\Eternyx\\node_modules\\@unrs\\resolver-binding-darwin-arm64' ]
340 verbose reify failed optional dependency Y:\Eternyx\node_modules\@unrs\resolver-binding-android-arm64
341 silly reify mark deleted [ 'Y:\\Eternyx\\node_modules\\@unrs\\resolver-binding-android-arm64' ]
342 verbose reify failed optional dependency Y:\Eternyx\node_modules\@unrs\resolver-binding-android-arm-eabi
343 silly reify mark deleted [
343 silly reify   'Y:\\Eternyx\\node_modules\\@unrs\\resolver-binding-android-arm-eabi'
343 silly reify ]
344 verbose reify failed optional dependency Y:\Eternyx\node_modules\@next\swc-win32-arm64-msvc
345 silly reify mark deleted [ 'Y:\\Eternyx\\node_modules\\@next\\swc-win32-arm64-msvc' ]
346 verbose reify failed optional dependency Y:\Eternyx\node_modules\@next\swc-linux-x64-musl
347 silly reify mark deleted [ 'Y:\\Eternyx\\node_modules\\@next\\swc-linux-x64-musl' ]
348 verbose reify failed optional dependency Y:\Eternyx\node_modules\@next\swc-linux-x64-gnu
349 silly reify mark deleted [ 'Y:\\Eternyx\\node_modules\\@next\\swc-linux-x64-gnu' ]
350 verbose reify failed optional dependency Y:\Eternyx\node_modules\@next\swc-linux-arm64-musl
351 silly reify mark deleted [ 'Y:\\Eternyx\\node_modules\\@next\\swc-linux-arm64-musl' ]
352 verbose reify failed optional dependency Y:\Eternyx\node_modules\@next\swc-linux-arm64-gnu
353 silly reify mark deleted [ 'Y:\\Eternyx\\node_modules\\@next\\swc-linux-arm64-gnu' ]
354 verbose reify failed optional dependency Y:\Eternyx\node_modules\@next\swc-darwin-x64
355 silly reify mark deleted [ 'Y:\\Eternyx\\node_modules\\@next\\swc-darwin-x64' ]
356 verbose reify failed optional dependency Y:\Eternyx\node_modules\@next\swc-darwin-arm64
357 silly reify mark deleted [ 'Y:\\Eternyx\\node_modules\\@next\\swc-darwin-arm64' ]
358 verbose reify failed optional dependency Y:\Eternyx\node_modules\@img\sharp-win32-ia32
359 silly reify mark deleted [ 'Y:\\Eternyx\\node_modules\\@img\\sharp-win32-ia32' ]
360 verbose reify failed optional dependency Y:\Eternyx\node_modules\@img\sharp-win32-arm64
361 silly reify mark deleted [ 'Y:\\Eternyx\\node_modules\\@img\\sharp-win32-arm64' ]
362 verbose reify failed optional dependency Y:\Eternyx\node_modules\@img\sharp-wasm32
363 silly reify mark deleted [ 'Y:\\Eternyx\\node_modules\\@img\\sharp-wasm32' ]
364 verbose reify failed optional dependency Y:\Eternyx\node_modules\@img\sharp-linuxmusl-x64
365 silly reify mark deleted [ 'Y:\\Eternyx\\node_modules\\@img\\sharp-linuxmusl-x64' ]
366 verbose reify failed optional dependency Y:\Eternyx\node_modules\@img\sharp-linuxmusl-arm64
367 silly reify mark deleted [ 'Y:\\Eternyx\\node_modules\\@img\\sharp-linuxmusl-arm64' ]
368 verbose reify failed optional dependency Y:\Eternyx\node_modules\@img\sharp-linux-x64
369 silly reify mark deleted [ 'Y:\\Eternyx\\node_modules\\@img\\sharp-linux-x64' ]
370 verbose reify failed optional dependency Y:\Eternyx\node_modules\@img\sharp-linux-s390x
371 silly reify mark deleted [ 'Y:\\Eternyx\\node_modules\\@img\\sharp-linux-s390x' ]
372 verbose reify failed optional dependency Y:\Eternyx\node_modules\@img\sharp-linux-riscv64
373 silly reify mark deleted [ 'Y:\\Eternyx\\node_modules\\@img\\sharp-linux-riscv64' ]
374 verbose reify failed optional dependency Y:\Eternyx\node_modules\@img\sharp-linux-ppc64
375 silly reify mark deleted [ 'Y:\\Eternyx\\node_modules\\@img\\sharp-linux-ppc64' ]
376 verbose reify failed optional dependency Y:\Eternyx\node_modules\@img\sharp-linux-arm64
377 silly reify mark deleted [ 'Y:\\Eternyx\\node_modules\\@img\\sharp-linux-arm64' ]
378 verbose reify failed optional dependency Y:\Eternyx\node_modules\@img\sharp-linux-arm
379 silly reify mark deleted [ 'Y:\\Eternyx\\node_modules\\@img\\sharp-linux-arm' ]
380 verbose reify failed optional dependency Y:\Eternyx\node_modules\@img\sharp-libvips-linuxmusl-x64
381 silly reify mark deleted [ 'Y:\\Eternyx\\node_modules\\@img\\sharp-libvips-linuxmusl-x64' ]
382 verbose reify failed optional dependency Y:\Eternyx\node_modules\@img\sharp-libvips-linuxmusl-arm64
383 silly reify mark deleted [ 'Y:\\Eternyx\\node_modules\\@img\\sharp-libvips-linuxmusl-arm64' ]
384 verbose reify failed optional dependency Y:\Eternyx\node_modules\@img\sharp-libvips-linux-x64
385 silly reify mark deleted [ 'Y:\\Eternyx\\node_modules\\@img\\sharp-libvips-linux-x64' ]
386 verbose reify failed optional dependency Y:\Eternyx\node_modules\@img\sharp-libvips-linux-s390x
387 silly reify mark deleted [ 'Y:\\Eternyx\\node_modules\\@img\\sharp-libvips-linux-s390x' ]
388 verbose reify failed optional dependency Y:\Eternyx\node_modules\@img\sharp-libvips-linux-riscv64
389 silly reify mark deleted [ 'Y:\\Eternyx\\node_modules\\@img\\sharp-libvips-linux-riscv64' ]
390 verbose reify failed optional dependency Y:\Eternyx\node_modules\@img\sharp-libvips-linux-ppc64
391 silly reify mark deleted [ 'Y:\\Eternyx\\node_modules\\@img\\sharp-libvips-linux-ppc64' ]
392 verbose reify failed optional dependency Y:\Eternyx\node_modules\@img\sharp-libvips-linux-arm64
393 silly reify mark deleted [ 'Y:\\Eternyx\\node_modules\\@img\\sharp-libvips-linux-arm64' ]
394 verbose reify failed optional dependency Y:\Eternyx\node_modules\@img\sharp-libvips-linux-arm
395 silly reify mark deleted [ 'Y:\\Eternyx\\node_modules\\@img\\sharp-libvips-linux-arm' ]
396 verbose reify failed optional dependency Y:\Eternyx\node_modules\@img\sharp-libvips-darwin-x64
397 silly reify mark deleted [ 'Y:\\Eternyx\\node_modules\\@img\\sharp-libvips-darwin-x64' ]
398 verbose reify failed optional dependency Y:\Eternyx\node_modules\@img\sharp-libvips-darwin-arm64
399 silly reify mark deleted [ 'Y:\\Eternyx\\node_modules\\@img\\sharp-libvips-darwin-arm64' ]
400 verbose reify failed optional dependency Y:\Eternyx\node_modules\@img\sharp-darwin-x64
401 silly reify mark deleted [ 'Y:\\Eternyx\\node_modules\\@img\\sharp-darwin-x64' ]
402 verbose reify failed optional dependency Y:\Eternyx\node_modules\@img\sharp-darwin-arm64
403 silly reify mark deleted [ 'Y:\\Eternyx\\node_modules\\@img\\sharp-darwin-arm64' ]
404 http cache gtoken@https://registry.npmjs.org/gtoken/-/gtoken-8.0.0.tgz 0ms (cache hit)
405 http cache ansi-regex@https://registry.npmjs.org/ansi-regex/-/ansi-regex-6.2.2.tgz 0ms (cache hit)
406 http cache is-fullwidth-code-point@https://registry.npmjs.org/is-fullwidth-code-point/-/is-fullwidth-code-point-3.0.0.tgz 0ms (cache hit)
407 http cache eastasianwidth@https://registry.npmjs.org/eastasianwidth/-/eastasianwidth-0.2.0.tgz 1ms (cache hit)
408 http cache wrap-ansi@https://registry.npmjs.org/wrap-ansi/-/wrap-ansi-8.1.0.tgz 0ms (cache hit)
409 http cache strip-ansi@https://registry.npmjs.org/strip-ansi/-/strip-ansi-7.2.0.tgz 0ms (cache hit)
410 http cache strip-ansi-cjs@https://registry.npmjs.org/strip-ansi/-/strip-ansi-6.0.1.tgz 0ms (cache hit)
411 http cache string-width-cjs@https://registry.npmjs.org/string-width/-/string-width-4.2.3.tgz 0ms (cache hit)
412 http cache wrap-ansi-cjs@https://registry.npmjs.org/wrap-ansi/-/wrap-ansi-7.0.0.tgz 5ms (cache hit)
413 http cache @pkgjs/parseargs@https://registry.npmjs.org/@pkgjs/parseargs/-/parseargs-0.11.0.tgz 0ms (cache hit)
414 http cache string-width@https://registry.npmjs.org/string-width/-/string-width-5.1.2.tgz 0ms (cache hit)
415 http cache @isaacs/cliui@https://registry.npmjs.org/@isaacs/cliui/-/cliui-8.0.2.tgz 0ms (cache hit)
416 http cache signal-exit@https://registry.npmjs.org/signal-exit/-/signal-exit-4.1.0.tgz 0ms (cache hit)
417 http cache path-scurry@https://registry.npmjs.org/path-scurry/-/path-scurry-1.11.1.tgz 0ms (cache hit)
418 http cache package-json-from-dist@https://registry.npmjs.org/package-json-from-dist/-/package-json-from-dist-1.0.1.tgz 0ms (cache hit)
419 http cache minipass@https://registry.npmjs.org/minipass/-/minipass-7.1.3.tgz 0ms (cache hit)
420 http cache jackspeak@https://registry.npmjs.org/jackspeak/-/jackspeak-3.4.3.tgz 0ms (cache hit)
421 http cache foreground-child@https://registry.npmjs.org/foreground-child/-/foreground-child-3.3.1.tgz 0ms (cache hit)
422 http cache glob@https://registry.npmjs.org/glob/-/glob-10.5.0.tgz 0ms (cache hit)
423 http cache web-streams-polyfill@https://registry.npmjs.org/web-streams-polyfill/-/web-streams-polyfill-3.3.3.tgz 0ms (cache hit)
424 http cache rimraf@https://registry.npmjs.org/rimraf/-/rimraf-5.0.10.tgz 0ms (cache hit)
425 http cache node-domexception@https://registry.npmjs.org/node-domexception/-/node-domexception-1.0.0.tgz 0ms (cache hit)
426 http cache formdata-polyfill@https://registry.npmjs.org/formdata-polyfill/-/formdata-polyfill-4.0.10.tgz 0ms (cache hit)
427 http cache fetch-blob@https://registry.npmjs.org/fetch-blob/-/fetch-blob-3.2.0.tgz 0ms (cache hit)
428 http cache data-uri-to-buffer@https://registry.npmjs.org/data-uri-to-buffer/-/data-uri-to-buffer-4.0.1.tgz 0ms (cache hit)
429 http cache buffer-equal-constant-time@https://registry.npmjs.org/buffer-equal-constant-time/-/buffer-equal-constant-time-1.0.1.tgz 0ms (cache hit)
430 http cache bignumber.js@https://registry.npmjs.org/bignumber.js/-/bignumber.js-9.3.1.tgz 0ms (cache hit)
431 http cache url-template@https://registry.npmjs.org/url-template/-/url-template-2.0.8.tgz 0ms (cache hit)
432 http cache jwa@https://registry.npmjs.org/jwa/-/jwa-2.0.1.tgz 0ms (cache hit)
433 http cache json-bigint@https://registry.npmjs.org/json-bigint/-/json-bigint-1.0.0.tgz 0ms (cache hit)
434 http cache qs@https://registry.npmjs.org/qs/-/qs-6.15.2.tgz 0ms (cache hit)
435 http cache node-fetch@https://registry.npmjs.org/node-fetch/-/node-fetch-3.3.2.tgz 0ms (cache hit)
436 http cache extend@https://registry.npmjs.org/extend/-/extend-3.0.2.tgz 0ms (cache hit)
437 http cache safe-buffer@https://registry.npmjs.org/safe-buffer/-/safe-buffer-5.2.1.tgz 0ms (cache hit)
438 http cache jws@https://registry.npmjs.org/jws/-/jws-4.0.1.tgz 0ms (cache hit)
439 http cache gcp-metadata@https://registry.npmjs.org/gcp-metadata/-/gcp-metadata-8.1.2.tgz 1ms (cache hit)
440 http cache google-logging-utils@https://registry.npmjs.org/google-logging-utils/-/google-logging-utils-1.1.3.tgz 0ms (cache hit)
441 http cache gaxios@https://registry.npmjs.org/gaxios/-/gaxios-7.1.5.tgz 5ms (cache hit)
442 http cache base64-js@https://registry.npmjs.org/base64-js/-/base64-js-1.5.1.tgz 0ms (cache hit)
443 http cache ecdsa-sig-formatter@https://registry.npmjs.org/ecdsa-sig-formatter/-/ecdsa-sig-formatter-1.0.11.tgz 0ms (cache hit)
444 http cache googleapis-common@https://registry.npmjs.org/googleapis-common/-/googleapis-common-8.0.2.tgz 0ms (cache hit)
445 http cache google-auth-library@https://registry.npmjs.org/google-auth-library/-/google-auth-library-10.7.0.tgz 0ms (cache hit)
446 http cache @napi-rs/wasm-runtime@https://registry.npmjs.org/@napi-rs/wasm-runtime/-/wasm-runtime-0.2.12.tgz 0ms (cache hit)
447 http cache googleapis@https://registry.npmjs.org/googleapis/-/googleapis-173.0.0.tgz 0ms (cache hit)
448 http cache @tybys/wasm-util@https://registry.npmjs.org/@tybys/wasm-util/-/wasm-util-0.10.2.tgz 0ms (cache hit)
449 http cache @emnapi/wasi-threads@https://registry.npmjs.org/@emnapi/wasi-threads/-/wasi-threads-1.2.1.tgz 0ms (cache hit)
450 http cache @emnapi/core@https://registry.npmjs.org/@emnapi/core/-/core-1.10.0.tgz 0ms (cache hit)
451 http cache ansi-regex@https://registry.npmjs.org/ansi-regex/-/ansi-regex-5.0.1.tgz 0ms (cache hit)
452 http cache emoji-regex@https://registry.npmjs.org/emoji-regex/-/emoji-regex-8.0.0.tgz 0ms (cache hit)
453 http cache strip-ansi@https://registry.npmjs.org/strip-ansi/-/strip-ansi-6.0.1.tgz 0ms (cache hit)
454 http cache ansi-styles@https://registry.npmjs.org/ansi-styles/-/ansi-styles-6.2.3.tgz 0ms (cache hit)
455 http cache ansi-regex@https://registry.npmjs.org/ansi-regex/-/ansi-regex-5.0.1.tgz 0ms (cache hit)
456 http cache string-width@https://registry.npmjs.org/string-width/-/string-width-4.2.3.tgz 0ms (cache hit)
457 http cache ansi-regex@https://registry.npmjs.org/ansi-regex/-/ansi-regex-5.0.1.tgz 0ms (cache hit)
458 http cache emoji-regex@https://registry.npmjs.org/emoji-regex/-/emoji-regex-8.0.0.tgz 0ms (cache hit)
459 http cache strip-ansi@https://registry.npmjs.org/strip-ansi/-/strip-ansi-6.0.1.tgz 0ms (cache hit)
460 http cache lru-cache@https://registry.npmjs.org/lru-cache/-/lru-cache-10.4.3.tgz 9ms (cache hit)
461 http cache brace-expansion@https://registry.npmjs.org/brace-expansion/-/brace-expansion-2.1.1.tgz 0ms (cache hit)
462 http cache minimatch@https://registry.npmjs.org/minimatch/-/minimatch-9.0.9.tgz 0ms (cache hit)
463 http cache agent-base@https://registry.npmjs.org/agent-base/-/agent-base-7.1.4.tgz 0ms (cache hit)
464 http cache https-proxy-agent@https://registry.npmjs.org/https-proxy-agent/-/https-proxy-agent-7.0.6.tgz 0ms (cache hit)
465 http cache agent-base@https://registry.npmjs.org/agent-base/-/agent-base-7.1.4.tgz 0ms (cache hit)
466 http cache https-proxy-agent@https://registry.npmjs.org/https-proxy-agent/-/https-proxy-agent-7.0.6.tgz 0ms (cache hit)
467 silly tarball no local data for gtoken@https://registry.npmjs.org/gtoken/-/gtoken-8.0.0.tgz. Extracting by manifest.
468 http cache google-auth-library@https://registry.npmjs.org/google-auth-library/-/google-auth-library-10.5.0.tgz 0ms (cache hit)
469 http cache gaxios@https://registry.npmjs.org/gaxios/-/gaxios-7.1.3.tgz 0ms (cache hit)
470 silly tarball no local data for ansi-regex@https://registry.npmjs.org/ansi-regex/-/ansi-regex-6.2.2.tgz. Extracting by manifest.
471 silly tarball no local data for is-fullwidth-code-point@https://registry.npmjs.org/is-fullwidth-code-point/-/is-fullwidth-code-point-3.0.0.tgz. Extracting by manifest.
472 silly tarball no local data for eastasianwidth@https://registry.npmjs.org/eastasianwidth/-/eastasianwidth-0.2.0.tgz. Extracting by manifest.
473 silly tarball no local data for wrap-ansi@https://registry.npmjs.org/wrap-ansi/-/wrap-ansi-8.1.0.tgz. Extracting by manifest.
474 silly tarball no local data for strip-ansi@https://registry.npmjs.org/strip-ansi/-/strip-ansi-7.2.0.tgz. Extracting by manifest.
475 silly tarball no local data for strip-ansi-cjs@https://registry.npmjs.org/strip-ansi/-/strip-ansi-6.0.1.tgz. Extracting by manifest.
476 silly tarball no local data for string-width-cjs@https://registry.npmjs.org/string-width/-/string-width-4.2.3.tgz. Extracting by manifest.
477 silly tarball no local data for wrap-ansi-cjs@https://registry.npmjs.org/wrap-ansi/-/wrap-ansi-7.0.0.tgz. Extracting by manifest.
478 silly tarball no local data for @pkgjs/parseargs@https://registry.npmjs.org/@pkgjs/parseargs/-/parseargs-0.11.0.tgz. Extracting by manifest.
479 silly tarball no local data for string-width@https://registry.npmjs.org/string-width/-/string-width-5.1.2.tgz. Extracting by manifest.
480 silly tarball no local data for @isaacs/cliui@https://registry.npmjs.org/@isaacs/cliui/-/cliui-8.0.2.tgz. Extracting by manifest.
481 silly tarball no local data for signal-exit@https://registry.npmjs.org/signal-exit/-/signal-exit-4.1.0.tgz. Extracting by manifest.
482 silly tarball no local data for path-scurry@https://registry.npmjs.org/path-scurry/-/path-scurry-1.11.1.tgz. Extracting by manifest.
483 silly tarball no local data for package-json-from-dist@https://registry.npmjs.org/package-json-from-dist/-/package-json-from-dist-1.0.1.tgz. Extracting by manifest.
484 silly tarball no local data for minipass@https://registry.npmjs.org/minipass/-/minipass-7.1.3.tgz. Extracting by manifest.
485 silly tarball no local data for jackspeak@https://registry.npmjs.org/jackspeak/-/jackspeak-3.4.3.tgz. Extracting by manifest.
486 silly tarball no local data for foreground-child@https://registry.npmjs.org/foreground-child/-/foreground-child-3.3.1.tgz. Extracting by manifest.
487 silly tarball no local data for glob@https://registry.npmjs.org/glob/-/glob-10.5.0.tgz. Extracting by manifest.
488 silly tarball no local data for web-streams-polyfill@https://registry.npmjs.org/web-streams-polyfill/-/web-streams-polyfill-3.3.3.tgz. Extracting by manifest.
489 silly tarball no local data for rimraf@https://registry.npmjs.org/rimraf/-/rimraf-5.0.10.tgz. Extracting by manifest.
490 silly tarball no local data for node-domexception@https://registry.npmjs.org/node-domexception/-/node-domexception-1.0.0.tgz. Extracting by manifest.
491 silly tarball no local data for formdata-polyfill@https://registry.npmjs.org/formdata-polyfill/-/formdata-polyfill-4.0.10.tgz. Extracting by manifest.
492 silly tarball no local data for fetch-blob@https://registry.npmjs.org/fetch-blob/-/fetch-blob-3.2.0.tgz. Extracting by manifest.
493 silly tarball no local data for data-uri-to-buffer@https://registry.npmjs.org/data-uri-to-buffer/-/data-uri-to-buffer-4.0.1.tgz. Extracting by manifest.
494 silly tarball no local data for buffer-equal-constant-time@https://registry.npmjs.org/buffer-equal-constant-time/-/buffer-equal-constant-time-1.0.1.tgz. Extracting by manifest.
495 silly tarball no local data for bignumber.js@https://registry.npmjs.org/bignumber.js/-/bignumber.js-9.3.1.tgz. Extracting by manifest.
496 silly tarball no local data for url-template@https://registry.npmjs.org/url-template/-/url-template-2.0.8.tgz. Extracting by manifest.
497 silly tarball no local data for jwa@https://registry.npmjs.org/jwa/-/jwa-2.0.1.tgz. Extracting by manifest.
498 silly tarball no local data for json-bigint@https://registry.npmjs.org/json-bigint/-/json-bigint-1.0.0.tgz. Extracting by manifest.
499 silly tarball no local data for qs@https://registry.npmjs.org/qs/-/qs-6.15.2.tgz. Extracting by manifest.
500 silly tarball no local data for node-fetch@https://registry.npmjs.org/node-fetch/-/node-fetch-3.3.2.tgz. Extracting by manifest.
501 silly tarball no local data for extend@https://registry.npmjs.org/extend/-/extend-3.0.2.tgz. Extracting by manifest.
502 silly tarball no local data for safe-buffer@https://registry.npmjs.org/safe-buffer/-/safe-buffer-5.2.1.tgz. Extracting by manifest.
503 silly tarball no local data for jws@https://registry.npmjs.org/jws/-/jws-4.0.1.tgz. Extracting by manifest.
504 silly tarball no local data for gcp-metadata@https://registry.npmjs.org/gcp-metadata/-/gcp-metadata-8.1.2.tgz. Extracting by manifest.
505 silly tarball no local data for google-logging-utils@https://registry.npmjs.org/google-logging-utils/-/google-logging-utils-1.1.3.tgz. Extracting by manifest.
506 silly tarball no local data for gaxios@https://registry.npmjs.org/gaxios/-/gaxios-7.1.5.tgz. Extracting by manifest.
507 silly tarball no local data for base64-js@https://registry.npmjs.org/base64-js/-/base64-js-1.5.1.tgz. Extracting by manifest.
508 silly tarball no local data for ecdsa-sig-formatter@https://registry.npmjs.org/ecdsa-sig-formatter/-/ecdsa-sig-formatter-1.0.11.tgz. Extracting by manifest.
509 silly tarball no local data for googleapis-common@https://registry.npmjs.org/googleapis-common/-/googleapis-common-8.0.2.tgz. Extracting by manifest.
510 silly tarball no local data for google-auth-library@https://registry.npmjs.org/google-auth-library/-/google-auth-library-10.7.0.tgz. Extracting by manifest.
511 silly tarball no local data for googleapis@https://registry.npmjs.org/googleapis/-/googleapis-173.0.0.tgz. Extracting by manifest.
512 silly tarball no local data for ansi-regex@https://registry.npmjs.org/ansi-regex/-/ansi-regex-5.0.1.tgz. Extracting by manifest.
513 silly tarball no local data for emoji-regex@https://registry.npmjs.org/emoji-regex/-/emoji-regex-8.0.0.tgz. Extracting by manifest.
514 silly tarball no local data for strip-ansi@https://registry.npmjs.org/strip-ansi/-/strip-ansi-6.0.1.tgz. Extracting by manifest.
515 silly tarball no local data for ansi-styles@https://registry.npmjs.org/ansi-styles/-/ansi-styles-6.2.3.tgz. Extracting by manifest.
516 silly tarball no local data for ansi-regex@https://registry.npmjs.org/ansi-regex/-/ansi-regex-5.0.1.tgz. Extracting by manifest.
517 silly tarball no local data for string-width@https://registry.npmjs.org/string-width/-/string-width-4.2.3.tgz. Extracting by manifest.
518 silly tarball no local data for ansi-regex@https://registry.npmjs.org/ansi-regex/-/ansi-regex-5.0.1.tgz. Extracting by manifest.
519 silly tarball no local data for emoji-regex@https://registry.npmjs.org/emoji-regex/-/emoji-regex-8.0.0.tgz. Extracting by manifest.
520 silly tarball no local data for strip-ansi@https://registry.npmjs.org/strip-ansi/-/strip-ansi-6.0.1.tgz. Extracting by manifest.
521 silly tarball no local data for lru-cache@https://registry.npmjs.org/lru-cache/-/lru-cache-10.4.3.tgz. Extracting by manifest.
522 silly tarball no local data for brace-expansion@https://registry.npmjs.org/brace-expansion/-/brace-expansion-2.1.1.tgz. Extracting by manifest.
523 silly tarball no local data for minimatch@https://registry.npmjs.org/minimatch/-/minimatch-9.0.9.tgz. Extracting by manifest.
524 silly tarball no local data for agent-base@https://registry.npmjs.org/agent-base/-/agent-base-7.1.4.tgz. Extracting by manifest.
525 silly tarball no local data for https-proxy-agent@https://registry.npmjs.org/https-proxy-agent/-/https-proxy-agent-7.0.6.tgz. Extracting by manifest.
526 silly tarball no local data for agent-base@https://registry.npmjs.org/agent-base/-/agent-base-7.1.4.tgz. Extracting by manifest.
527 silly tarball no local data for https-proxy-agent@https://registry.npmjs.org/https-proxy-agent/-/https-proxy-agent-7.0.6.tgz. Extracting by manifest.
528 silly tarball no local data for google-auth-library@https://registry.npmjs.org/google-auth-library/-/google-auth-library-10.5.0.tgz. Extracting by manifest.
529 silly tarball no local data for gaxios@https://registry.npmjs.org/gaxios/-/gaxios-7.1.3.tgz. Extracting by manifest.
530 http fetch POST 200 https://registry.npmjs.org/-/npm/v1/security/advisories/bulk 1734ms
531 silly audit report {
531 silly audit report   '@babel/core': [
531 silly audit report     {
531 silly audit report       id: 1120793,
531 silly audit report       url: 'https://github.com/advisories/GHSA-4x5r-pxfx-6jf8',
531 silly audit report       title: '@babel/core: Arbitrary File Read via sourceMappingURL Comment',
531 silly audit report       severity: 'low',
531 silly audit report       vulnerable_versions: '<=7.29.0',
531 silly audit report       cwe: [Array],
531 silly audit report       cvss: [Object]
531 silly audit report     }
531 silly audit report   ],
531 silly audit report   'js-yaml': [
531 silly audit report     {
531 silly audit report       id: 1120792,
531 silly audit report       url: 'https://github.com/advisories/GHSA-h67p-54hq-rp68',
531 silly audit report       title: 'JS-YAML: Quadratic-complexity DoS in merge key handling via repeated aliases',
531 silly audit report       severity: 'moderate',
531 silly audit report       vulnerable_versions: '<=4.1.1',
531 silly audit report       cwe: [Array],
531 silly audit report       cvss: [Object]
531 silly audit report     }
531 silly audit report   ],
531 silly audit report   postcss: [
531 silly audit report     {
531 silly audit report       id: 1117015,
531 silly audit report       url: 'https://github.com/advisories/GHSA-qx2v-qp2m-jg93',
531 silly audit report       title: 'PostCSS has XSS via Unescaped </style> in its CSS Stringify Output',
531 silly audit report       severity: 'moderate',
531 silly audit report       vulnerable_versions: '<8.5.10',
531 silly audit report       cwe: [Array],
531 silly audit report       cvss: [Object]
531 silly audit report     }
531 silly audit report   ]
531 silly audit report }
532 silly packumentCache corgi:https://registry.npmjs.org/@babel%2fcore cache-miss
533 silly packumentCache corgi:https://registry.npmjs.org/js-yaml cache-miss
534 silly packumentCache corgi:https://registry.npmjs.org/postcss cache-miss
535 http fetch GET 200 https://registry.npmjs.org/ansi-regex/-/ansi-regex-6.2.2.tgz 4742ms (cache miss)
536 http fetch GET 200 https://registry.npmjs.org/gtoken/-/gtoken-8.0.0.tgz 4753ms (cache miss)
537 http fetch GET 200 https://registry.npmjs.org/is-fullwidth-code-point/-/is-fullwidth-code-point-3.0.0.tgz 4838ms (cache miss)
538 http fetch GET 200 https://registry.npmjs.org/foreground-child/-/foreground-child-3.3.1.tgz 4810ms (cache miss)
539 http fetch GET 200 https://registry.npmjs.org/node-domexception/-/node-domexception-1.0.0.tgz 4813ms (cache miss)
540 http fetch GET 200 https://registry.npmjs.org/fetch-blob/-/fetch-blob-3.2.0.tgz 4964ms (cache miss)
541 http fetch GET 200 https://registry.npmjs.org/buffer-equal-constant-time/-/buffer-equal-constant-time-1.0.1.tgz 4959ms (cache miss)
542 http fetch GET 200 https://registry.npmjs.org/extend/-/extend-3.0.2.tgz 4944ms (cache miss)
543 http fetch GET 200 https://registry.npmjs.org/wrap-ansi/-/wrap-ansi-7.0.0.tgz 5040ms (cache miss)
544 http fetch GET 200 https://registry.npmjs.org/strip-ansi/-/strip-ansi-7.2.0.tgz 5215ms (cache miss)
545 http fetch GET 200 https://registry.npmjs.org/eastasianwidth/-/eastasianwidth-0.2.0.tgz 5222ms (cache miss)
546 http fetch GET 200 https://registry.npmjs.org/strip-ansi/-/strip-ansi-6.0.1.tgz 5290ms (cache miss)
547 http fetch GET 200 https://registry.npmjs.org/ansi-regex/-/ansi-regex-5.0.1.tgz 5157ms (cache miss)
548 http fetch GET 200 https://registry.npmjs.org/ansi-styles/-/ansi-styles-6.2.3.tgz 5153ms (cache miss)
549 http fetch GET 200 https://registry.npmjs.org/postcss 4564ms (cache revalidated)
550 silly packumentCache corgi:https://registry.npmjs.org/postcss set size:344717 disposed:false
551 http fetch GET 200 https://registry.npmjs.org/safe-buffer/-/safe-buffer-5.2.1.tgz 5261ms (cache miss)
552 http fetch GET 200 https://registry.npmjs.org/brace-expansion/-/brace-expansion-2.1.1.tgz 5328ms (cache miss)
553 http fetch GET 200 https://registry.npmjs.org/strip-ansi/-/strip-ansi-6.0.1.tgz 5334ms (cache miss)
554 http fetch GET 200 https://registry.npmjs.org/wrap-ansi/-/wrap-ansi-8.1.0.tgz 5521ms (cache miss)
555 http fetch GET 200 https://registry.npmjs.org/string-width/-/string-width-4.2.3.tgz 5522ms (cache miss)
556 http fetch GET 200 https://registry.npmjs.org/strip-ansi/-/strip-ansi-6.0.1.tgz 5382ms (cache miss)
557 http fetch GET 200 https://registry.npmjs.org/ansi-regex/-/ansi-regex-5.0.1.tgz 5413ms (cache miss)
558 http fetch GET 200 https://registry.npmjs.org/string-width/-/string-width-5.1.2.tgz 5560ms (cache miss)
559 http fetch GET 200 https://registry.npmjs.org/data-uri-to-buffer/-/data-uri-to-buffer-4.0.1.tgz 5542ms (cache miss)
560 http fetch GET 200 https://registry.npmjs.org/string-width/-/string-width-4.2.3.tgz 5442ms (cache miss)
561 http fetch GET 200 https://registry.npmjs.org/ansi-regex/-/ansi-regex-5.0.1.tgz 5461ms (cache miss)
562 http fetch GET 200 https://registry.npmjs.org/base64-js/-/base64-js-1.5.1.tgz 5560ms (cache miss)
563 http fetch GET 200 https://registry.npmjs.org/formdata-polyfill/-/formdata-polyfill-4.0.10.tgz 5687ms (cache miss)
564 http fetch GET 200 https://registry.npmjs.org/@isaacs/cliui/-/cliui-8.0.2.tgz 5725ms (cache miss)
565 http fetch GET 200 https://registry.npmjs.org/ecdsa-sig-formatter/-/ecdsa-sig-formatter-1.0.11.tgz 5638ms (cache miss)
566 http fetch GET 200 https://registry.npmjs.org/jwa/-/jwa-2.0.1.tgz 5736ms (cache miss)
567 http fetch GET 200 https://registry.npmjs.org/js-yaml 5310ms (cache miss)
568 silly packumentCache corgi:https://registry.npmjs.org/js-yaml set size:undefined disposed:false
569 http fetch GET 200 https://registry.npmjs.org/json-bigint/-/json-bigint-1.0.0.tgz 5999ms (cache miss)
570 http fetch GET 200 https://registry.npmjs.org/jws/-/jws-4.0.1.tgz 5996ms (cache miss)
571 http fetch GET 200 https://registry.npmjs.org/emoji-regex/-/emoji-regex-8.0.0.tgz 5955ms (cache miss)
572 http fetch GET 200 https://registry.npmjs.org/emoji-regex/-/emoji-regex-8.0.0.tgz 5979ms (cache miss)
573 http fetch GET 200 https://registry.npmjs.org/gcp-metadata/-/gcp-metadata-8.1.2.tgz 6127ms (cache miss)
574 http fetch GET 200 https://registry.npmjs.org/agent-base/-/agent-base-7.1.4.tgz 6079ms (cache miss)
575 http fetch GET 200 https://registry.npmjs.org/package-json-from-dist/-/package-json-from-dist-1.0.1.tgz 6296ms (cache miss)
576 http fetch GET 200 https://registry.npmjs.org/agent-base/-/agent-base-7.1.4.tgz 6163ms (cache miss)
577 http fetch GET 200 https://registry.npmjs.org/https-proxy-agent/-/https-proxy-agent-7.0.6.tgz 6199ms (cache miss)
578 http fetch GET 200 https://registry.npmjs.org/https-proxy-agent/-/https-proxy-agent-7.0.6.tgz 6222ms (cache miss)
579 http fetch GET 200 https://registry.npmjs.org/bignumber.js/-/bignumber.js-9.3.1.tgz 6398ms (cache miss)
580 http fetch GET 200 https://registry.npmjs.org/url-template/-/url-template-2.0.8.tgz 6466ms (cache miss)
581 http fetch GET 200 https://registry.npmjs.org/minipass/-/minipass-7.1.3.tgz 6535ms (cache miss)
582 http fetch GET 200 https://registry.npmjs.org/@babel%2fcore 5897ms (cache miss)
583 silly packumentCache corgi:https://registry.npmjs.org/@babel%2fcore set size:undefined disposed:false
584 http fetch GET 200 https://registry.npmjs.org/google-logging-utils/-/google-logging-utils-1.1.3.tgz 6758ms (cache miss)
585 silly packumentCache corgi:https://registry.npmjs.org/@babel%2fhelper-module-transforms cache-miss
586 silly packumentCache corgi:https://registry.npmjs.org/eslint-plugin-react-hooks cache-miss
587 http fetch GET 200 https://registry.npmjs.org/jackspeak/-/jackspeak-3.4.3.tgz 7112ms (cache miss)
588 http fetch GET 200 https://registry.npmjs.org/@pkgjs/parseargs/-/parseargs-0.11.0.tgz 7159ms (cache miss)
589 http fetch GET 200 https://registry.npmjs.org/qs/-/qs-6.15.2.tgz 7078ms (cache miss)
590 http fetch GET 200 https://registry.npmjs.org/node-fetch/-/node-fetch-3.3.2.tgz 7101ms (cache miss)
591 http fetch GET 200 https://registry.npmjs.org/path-scurry/-/path-scurry-1.11.1.tgz 7245ms (cache miss)
592 http fetch GET 200 https://registry.npmjs.org/googleapis-common/-/googleapis-common-8.0.2.tgz 7208ms (cache miss)
593 http fetch GET 200 https://registry.npmjs.org/signal-exit/-/signal-exit-4.1.0.tgz 7293ms (cache miss)
594 warn deprecated node-domexception@1.0.0: Use your platform's native DOMException instead
595 http fetch GET 200 https://registry.npmjs.org/lru-cache/-/lru-cache-10.4.3.tgz 7551ms (cache miss)
596 http fetch GET 200 https://registry.npmjs.org/@babel%2fhelper-module-transforms 620ms (cache miss)
597 silly packumentCache corgi:https://registry.npmjs.org/@babel%2fhelper-module-transforms set size:undefined disposed:false
598 http fetch GET 200 https://registry.npmjs.org/minimatch/-/minimatch-9.0.9.tgz 7834ms (cache miss)
599 http fetch GET 200 https://registry.npmjs.org/glob/-/glob-10.5.0.tgz 8836ms (cache miss)
600 warn deprecated glob@10.5.0: Old versions of glob are not supported, and contain widely publicized security vulnerabilities, which have been fixed in the current version. Please update. Support for old versions may be purchased (at exorbitant rates) by contacting i@izs.me
601 http fetch GET 200 https://registry.npmjs.org/google-auth-library/-/google-auth-library-10.5.0.tgz 9702ms (cache miss)
602 http fetch GET 200 https://registry.npmjs.org/gaxios/-/gaxios-7.1.3.tgz 9831ms (cache miss)
603 http fetch GET 200 https://registry.npmjs.org/gaxios/-/gaxios-7.1.5.tgz 9992ms (cache miss)
604 http fetch GET 200 https://registry.npmjs.org/eslint-plugin-react-hooks 2952ms (cache miss)
605 silly packumentCache corgi:https://registry.npmjs.org/eslint-plugin-react-hooks set size:undefined disposed:false
606 silly packumentCache corgi:https://registry.npmjs.org/@eslint%2feslintrc cache-miss
607 http fetch GET 200 https://registry.npmjs.org/google-auth-library/-/google-auth-library-10.7.0.tgz 10353ms (cache miss)
608 http fetch GET 200 https://registry.npmjs.org/@eslint%2feslintrc 111ms (cache miss)
609 silly packumentCache corgi:https://registry.npmjs.org/@eslint%2feslintrc set size:undefined disposed:false
610 silly packumentCache corgi:https://registry.npmjs.org/next cache-miss
611 http fetch GET 200 https://registry.npmjs.org/rimraf/-/rimraf-5.0.10.tgz 10524ms (cache miss)
612 http fetch GET 200 https://registry.npmjs.org/web-streams-polyfill/-/web-streams-polyfill-3.3.3.tgz 10732ms (cache miss)
613 http fetch GET 200 https://registry.npmjs.org/next 1376ms (cache updated)
614 silly packumentCache corgi:https://registry.npmjs.org/next set size:undefined disposed:false
615 http fetch GET 200 https://registry.npmjs.org/googleapis/-/googleapis-173.0.0.tgz 22115ms (cache miss)
616 silly ADD node_modules/gtoken
617 silly ADD node_modules/ansi-regex
618 silly ADD node_modules/is-fullwidth-code-point
619 silly ADD node_modules/eastasianwidth
620 silly ADD node_modules/wrap-ansi-cjs
621 silly ADD node_modules/wrap-ansi-cjs/node_modules/ansi-regex
622 silly ADD node_modules/wrap-ansi-cjs/node_modules/emoji-regex
623 silly ADD node_modules/wrap-ansi-cjs/node_modules/strip-ansi
624 silly ADD node_modules/wrap-ansi-cjs/node_modules/string-width
625 silly ADD node_modules/wrap-ansi
626 silly ADD node_modules/wrap-ansi/node_modules/ansi-styles
627 silly ADD node_modules/strip-ansi-cjs
628 silly ADD node_modules/strip-ansi-cjs/node_modules/ansi-regex
629 silly ADD node_modules/strip-ansi
630 silly ADD node_modules/string-width-cjs
631 silly ADD node_modules/string-width-cjs/node_modules/ansi-regex
632 silly ADD node_modules/string-width-cjs/node_modules/strip-ansi
633 silly ADD node_modules/string-width-cjs/node_modules/emoji-regex
634 silly ADD node_modules/string-width
635 silly ADD node_modules/@pkgjs/parseargs
636 silly ADD node_modules/@isaacs/cliui
637 silly ADD node_modules/signal-exit
638 silly ADD node_modules/path-scurry
639 silly ADD node_modules/path-scurry/node_modules/lru-cache
640 silly ADD node_modules/package-json-from-dist
641 silly ADD node_modules/minipass
642 silly ADD node_modules/jackspeak
643 silly ADD node_modules/foreground-child
644 silly ADD node_modules/glob
645 silly ADD node_modules/glob/node_modules/brace-expansion
646 silly ADD node_modules/glob/node_modules/minimatch
647 silly ADD node_modules/rimraf
648 silly ADD node_modules/web-streams-polyfill
649 silly ADD node_modules/node-domexception
650 silly ADD node_modules/formdata-polyfill
651 silly ADD node_modules/fetch-blob
652 silly ADD node_modules/data-uri-to-buffer
653 silly ADD node_modules/buffer-equal-constant-time
654 silly ADD node_modules/jwa
655 silly ADD node_modules/bignumber.js
656 silly ADD node_modules/url-template
657 silly ADD node_modules/qs
658 silly ADD node_modules/json-bigint
659 silly ADD node_modules/node-fetch
660 silly ADD node_modules/extend
661 silly ADD node_modules/safe-buffer
662 silly ADD node_modules/jws
663 silly ADD node_modules/google-logging-utils
664 silly ADD node_modules/gcp-metadata
665 silly ADD node_modules/gaxios
666 silly ADD node_modules/gaxios/node_modules/agent-base
667 silly ADD node_modules/gaxios/node_modules/https-proxy-agent
668 silly ADD node_modules/ecdsa-sig-formatter
669 silly ADD node_modules/base64-js
670 silly ADD node_modules/googleapis-common
671 silly ADD node_modules/googleapis-common/node_modules/agent-base
672 silly ADD node_modules/googleapis-common/node_modules/https-proxy-agent
673 silly ADD node_modules/googleapis-common/node_modules/google-auth-library
674 silly ADD node_modules/googleapis-common/node_modules/gaxios
675 silly ADD node_modules/google-auth-library
676 silly ADD node_modules/googleapis
677 silly ADD
678 silly ADD
679 silly ADD
680 silly ADD
681 silly ADD
682 silly ADD
683 silly ADD
684 silly ADD
685 silly ADD
686 silly ADD
687 silly ADD
688 silly ADD
689 silly ADD
690 silly ADD
691 silly ADD
692 silly ADD
693 silly ADD
694 silly ADD
695 silly ADD
696 silly ADD
697 silly ADD
698 silly ADD
699 silly ADD
700 silly ADD
701 silly ADD
702 silly ADD
703 silly ADD
704 silly ADD
705 silly ADD
706 silly ADD
707 silly ADD
708 silly ADD
709 silly ADD
710 silly ADD
711 silly ADD
712 silly ADD
713 silly ADD
714 silly ADD
715 silly ADD
716 silly ADD
717 silly ADD
718 silly ADD
719 silly ADD
720 silly ADD
721 silly ADD
722 silly ADD
723 silly ADD
724 silly ADD
725 silly ADD
726 silly ADD
727 silly ADD
728 silly ADD
729 verbose cwd Y:\Eternyx
730 verbose os Windows_NT 10.0.26200
731 verbose node v22.15.0
732 verbose npm  v10.9.2
733 notice
733 notice New major version of npm available! 10.9.2 -> 11.17.0
733 notice Changelog: https://github.com/npm/cli/releases/tag/v11.17.0
733 notice To update run: npm install -g npm@11.17.0
733 notice  { force: true, [Symbol(proc-log.meta)]: true }
734 verbose exit 0
735 info ok
